Component: ARM Compiler 5.06 update 1 (build 61) Tool: armlink [4d35a8]

==============================================================================

Section Cross References

    main.o(i.Aufnahmen_gleich) refers to stm32f4_discovery.o(i.STM_EVAL_LEDOn) for STM_EVAL_LEDOn
    main.o(i.Aufnahmen_gleich) refers to stm32f4_discovery.o(i.STM_EVAL_LEDOff) for STM_EVAL_LEDOff
    main.o(i.EXTI0_IRQHandler) refers to stm32f4xx_exti.o(i.EXTI_GetITStatus) for EXTI_GetITStatus
    main.o(i.EXTI0_IRQHandler) refers to stm32f4xx_exti.o(i.EXTI_ClearITPendingBit) for EXTI_ClearITPendingBit
    main.o(i.EXTI0_IRQHandler) refers to main.o(.data) for .data
    main.o(i.EXTI0_IRQHandler) refers to stm32f4xx_it.o(.data) for LED_Toggle
    main.o(i.StartRec) refers to stm32f4xx_spi.o(i.SPI_I2S_ReceiveData) for SPI_I2S_ReceiveData
    main.o(i.StartRec) refers to main.o(.bss) for .bss
    main.o(i.SysTick_Handler) refers to stm32f4_discovery.o(i.STM_EVAL_LEDToggle) for STM_EVAL_LEDToggle
    main.o(i.SysTick_Handler) refers to stm32f4_discovery.o(i.STM_EVAL_LEDOn) for STM_EVAL_LEDOn
    main.o(i.SysTick_Handler) refers to stm32f4_discovery.o(i.STM_EVAL_LEDOff) for STM_EVAL_LEDOff
    main.o(i.SysTick_Handler) refers to main.o(.data) for .data
    main.o(i.SysTick_Handler) refers to stm32f4xx_it.o(.data) for LED_Toggle
    main.o(i.USB_Beispiel_schreiben) refers to stm32_ub_usb_msc_host.o(i.UB_USB_MSC_HOST_Do) for UB_USB_MSC_HOST_Do
    main.o(i.USB_Beispiel_schreiben) refers to stm32_ub_fatfs.o(i.UB_Fatfs_Mount) for UB_Fatfs_Mount
    main.o(i.USB_Beispiel_schreiben) refers to stm32_ub_fatfs.o(i.UB_Fatfs_OpenFile) for UB_Fatfs_OpenFile
    main.o(i.USB_Beispiel_schreiben) refers to stm32_ub_fatfs.o(i.UB_Fatfs_WriteString) for UB_Fatfs_WriteString
    main.o(i.USB_Beispiel_schreiben) refers to stm32_ub_fatfs.o(i.UB_Fatfs_CloseFile) for UB_Fatfs_CloseFile
    main.o(i.USB_Beispiel_schreiben) refers to printf1.o(i.__0snprintf$1) for __2snprintf
    main.o(i.USB_Beispiel_schreiben) refers to stm32_ub_fatfs.o(i.UB_Fatfs_UnMount) for UB_Fatfs_UnMount
    main.o(i.USB_Beispiel_schreiben) refers to main.o(.data) for .data
    main.o(i.USB_Beispiel_schreiben) refers to stm32f4xx_it.o(.data) for LED_Toggle
    main.o(i.USB_Beispiel_schreiben) refers to main.o(.bss) for .bss
    main.o(i.main) refers to stm32_ub_usb_msc_host.o(i.UB_USB_MSC_HOST_Init) for UB_USB_MSC_HOST_Init
    main.o(i.main) refers to system_stm32f4xx.o(i.SystemInit) for SystemInit
    main.o(i.main) refers to stm32f4_discovery.o(i.STM_EVAL_LEDInit) for STM_EVAL_LEDInit
    main.o(i.main) refers to stm32f4xx_spi.o(i.SPI_I2S_ITConfig) for SPI_I2S_ITConfig
    main.o(i.main) refers to stm32f4xx_spi.o(i.I2S_Cmd) for I2S_Cmd
    main.o(i.main) refers to microphone.o(i.WaveRecorderBeginSampling) for WaveRecorderBeginSampling
    main.o(i.main) refers to stm32f4xx_rcc.o(i.RCC_GetClocksFreq) for RCC_GetClocksFreq
    main.o(i.main) refers to stm32f4_discovery.o(i.STM_EVAL_PBInit) for STM_EVAL_PBInit
    main.o(i.main) refers to stm32f4xx_spi.o(i.SPI_I2S_ReceiveData) for SPI_I2S_ReceiveData
    main.o(i.main) refers to arm_rfft_init_q15.o(.text) for arm_rfft_init_q15
    main.o(i.main) refers to arm_rfft_q15.o(.text) for arm_rfft_q15
    main.o(i.main) refers to arm_cmplx_mag_q15.o(.text) for arm_cmplx_mag_q15
    main.o(i.main) refers to stm32_ub_usb_msc_host.o(i.UB_USB_MSC_HOST_Do) for UB_USB_MSC_HOST_Do
    main.o(i.main) refers to stm32_ub_fatfs.o(i.UB_Fatfs_Mount) for UB_Fatfs_Mount
    main.o(i.main) refers to stm32_ub_fatfs.o(i.UB_Fatfs_OpenFile) for UB_Fatfs_OpenFile
    main.o(i.main) refers to stm32_ub_fatfs.o(i.UB_Fatfs_WriteString) for UB_Fatfs_WriteString
    main.o(i.main) refers to stm32_ub_fatfs.o(i.UB_Fatfs_CloseFile) for UB_Fatfs_CloseFile
    main.o(i.main) refers to printf1.o(i.__0snprintf$1) for __2snprintf
    main.o(i.main) refers to stm32_ub_fatfs.o(i.UB_Fatfs_UnMount) for UB_Fatfs_UnMount
    main.o(i.main) refers to main.o(.bss) for .bss
    main.o(i.main) refers to main.o(.data) for .data
    main.o(i.main) refers to main.o(i.USB_Beispiel_schreiben) for i.USB_Beispiel_schreiben
    main.o(i.main) refers to stm32f4xx_it.o(.data) for LED_Toggle
    stm32f4xx_it.o(i.EXTI1_IRQHandler) refers to stm32f4xx_exti.o(i.EXTI_GetITStatus) for EXTI_GetITStatus
    stm32f4xx_it.o(i.EXTI1_IRQHandler) refers to stm32f4_discovery.o(i.STM_EVAL_LEDToggle) for STM_EVAL_LEDToggle
    stm32f4xx_it.o(i.EXTI1_IRQHandler) refers to stm32f4xx_exti.o(i.EXTI_ClearITPendingBit) for EXTI_ClearITPendingBit
    system_stm32f4xx.o(i.SystemCoreClockUpdate) refers to system_stm32f4xx.o(.data) for .data
    headphone.o(i.EVAL_AUDIO_TransferComplete_CallBack) refers to stm32f4_discovery_audio_codec.o(i.Audio_MAL_Play) for Audio_MAL_Play
    headphone.o(i.EVAL_AUDIO_TransferComplete_CallBack) refers to headphone.o(.data) for .data
    headphone.o(i.EVAL_AUDIO_TransferComplete_CallBack) refers to headphone.o(.bss) for .bss
[...]
    i.USBH_USR_SerialNum_String              0x0800463c   Section        0  usbh_usr.o(i.USBH_USR_SerialNum_String)
    i.USBH_USR_UnrecoveredError              0x08004640   Section        0  usbh_usr.o(i.USBH_USR_UnrecoveredError)
    i.USBH_USR_UserInput                     0x0800464c   Section        0  usbh_usr.o(i.USBH_USR_UserInput)
    i.USB_Beispiel_schreiben                 0x08004650   Section        0  main.o(i.USB_Beispiel_schreiben)
    i.USB_OTG_BSP_ConfigVBUS                 0x080047d4   Section        0  usb_bsp.o(i.USB_OTG_BSP_ConfigVBUS)
    i.USB_OTG_BSP_DriveVBUS                  0x08004834   Section        0  usb_bsp.o(i.USB_OTG_BSP_DriveVBUS)
    i.USB_OTG_BSP_EnableInterrupt            0x0800484c   Section        0  usb_bsp.o(i.USB_OTG_BSP_EnableInterrupt)
    i.USB_OTG_BSP_Init                       0x08004874   Section        0  usb_bsp.o(i.USB_OTG_BSP_Init)
    i.USB_OTG_BSP_mDelay                     0x080048f8   Section        0  usb_bsp.o(i.USB_OTG_BSP_mDelay)
    i.USB_OTG_BSP_uDelay                     0x08004928   Section        0  usb_bsp.o(i.USB_OTG_BSP_uDelay)
    i.USB_OTG_CoreInit                       0x08004954   Section        0  usb_core.o(i.USB_OTG_CoreInit)
    i.USB_OTG_CoreInitHost                   0x08004ac8   Section        0  usb_core.o(i.USB_OTG_CoreInitHost)
    i.USB_OTG_DisableGlobalInt               0x08004c08   Section        0  usb_core.o(i.USB_OTG_DisableGlobalInt)
    i.USB_OTG_EnableGlobalInt                0x08004c18   Section        0  usb_core.o(i.USB_OTG_EnableGlobalInt)
    i.USB_OTG_HC_DoPing                      0x08004c28   Section        0  usb_core.o(i.USB_OTG_HC_DoPing)
    i.USB_OTG_HC_Halt                        0x08004c54   Section        0  usb_core.o(i.USB_OTG_HC_Halt)
    i.USB_OTG_HC_Init                        0x08004c94   Section        0  usb_core.o(i.USB_OTG_HC_Init)
    i.USB_OTG_HC_StartXfer                   0x08004d94   Section        0  usb_core.o(i.USB_OTG_HC_StartXfer)
    i.USB_OTG_InitFSLSPClkSel                0x08004ed4   Section        0  usb_core.o(i.USB_OTG_InitFSLSPClkSel)
    i.USB_OTG_IsHostMode                     0x08004ee0   Section        0  usb_core.o(i.USB_OTG_IsHostMode)
    i.USB_OTG_ReadCoreItr                    0x08004eee   Section        0  usb_core.o(i.USB_OTG_ReadCoreItr)
    i.USB_OTG_ReadHostAllChannels_intr       0x08004ef8   Section        0  usb_core.o(i.USB_OTG_ReadHostAllChannels_intr)
    i.USB_OTG_ReadPacket                     0x08004efe   Section        0  usb_core.o(i.USB_OTG_ReadPacket)
    i.USB_OTG_ResetPort                      0x08004f34   Section        0  usb_core.o(i.USB_OTG_ResetPort)
    i.USB_OTG_SelectCore                     0x08004f64   Section        0  usb_core.o(i.USB_OTG_SelectCore)
    i.USB_OTG_SetCurrentMode                 0x08005084   Section        0  usb_core.o(i.USB_OTG_SetCurrentMode)
    i.USB_OTG_USBH_handle_hc_ISR             0x080050ae   Section        0  usb_hcd_int.o(i.USB_OTG_USBH_handle_hc_ISR)
    USB_OTG_USBH_handle_hc_ISR               0x080050af   Thumb Code  1080  usb_hcd_int.o(i.USB_OTG_USBH_handle_hc_ISR)
    i.USB_OTG_WritePacket                    0x080054e8   Section        0  usb_core.o(i.USB_OTG_WritePacket)
    i.USB_disk_initialize                    0x08005540   Section        0  stm32_ub_usbdisk.o(i.USB_disk_initialize)
    i.USB_disk_ioctl                         0x08005564   Section        0  stm32_ub_usbdisk.o(i.USB_disk_ioctl)
    i.USB_disk_read                          0x08005594   Section        0  stm32_ub_usbdisk.o(i.USB_disk_read)
    i.USB_disk_status                        0x080055f4   Section        0  stm32_ub_usbdisk.o(i.USB_disk_status)
    i.USB_disk_write                         0x08005618   Section        0  stm32_ub_usbdisk.o(i.USB_disk_write)
    i.UsageFault_Handler                     0x08005678   Section        0  stm32f4xx_it.o(i.UsageFault_Handler)
    i.WaveRecorderBeginSampling              0x0800567c   Section        0  microphone.o(i.WaveRecorderBeginSampling)
    i.WaveRecorderCallback                   0x080056c0   Section        0  headphone.o(i.WaveRecorderCallback)
    i.WaveRecorderInit                       0x08005740   Section        0  microphone.o(i.WaveRecorderInit)
    i.__0snprintf$1                          0x08005874   Section        0  printf1.o(i.__0snprintf$1)
    i.__scatterload_copy                     0x0800589c   Section       14  handlers.o(i.__scatterload_copy)
    i.__scatterload_null                     0x080058aa   Section        2  handlers.o(i.__scatterload_null)
    i.__scatterload_zeroinit                 0x080058ac   Section       14  handlers.o(i.__scatterload_zeroinit)
    i._printf_core                           0x080058bc   Section        0  printf1.o(i._printf_core)
    _printf_core                             0x080058bd   Thumb Code   336  printf1.o(i._printf_core)
    i._snputc                                0x08005a10   Section        0  printf1.o(i._snputc)
    _snputc                                  0x08005a11   Thumb Code    22  printf1.o(i._snputc)
    i.chk_mounted                            0x08005a28   Section        0  ff.o(i.chk_mounted)
    chk_mounted                              0x08005a29   Thumb Code   668  ff.o(i.chk_mounted)
    i.create_chain                           0x08005cd8   Section        0  ff.o(i.create_chain)
    create_chain                             0x08005cd9   Thumb Code   164  ff.o(i.create_chain)
    i.dir_next                               0x08005d7c   Section        0  ff.o(i.dir_next)
    dir_next                                 0x08005d7d   Thumb Code   376  ff.o(i.dir_next)
    i.dir_register                           0x08005ef4   Section        0  ff.o(i.dir_register)
    dir_register                             0x08005ef5   Thumb Code   134  ff.o(i.dir_register)
    i.dir_sdi                                0x08005f7a   Section        0  ff.o(i.dir_sdi)
    dir_sdi                                  0x08005f7b   Thumb Code   152  ff.o(i.dir_sdi)
    i.disk_initialize                        0x08006012   Section        0  diskio.o(i.disk_initialize)
    i.disk_ioctl                             0x0800603c   Section        0  diskio.o(i.disk_ioctl)
    i.disk_read                              0x08006078   Section        0  diskio.o(i.disk_read)
    i.disk_status                            0x080060bc   Section        0  diskio.o(i.disk_status)
    i.disk_write                             0x080060ea   Section        0  diskio.o(i.disk_write)
    i.f_close                                0x0800612e   Section        0  ff.o(i.f_close)
    i.f_getfree                              0x08006140   Section        0  ff.o(i.f_getfree)
    i.f_lseek                                0x0800622a   Section        0  ff.o(i.f_lseek)
    i.f_mount                                0x080063c0   Section        0  ff.o(i.f_mount)
    i.f_open                                 0x080063e4   Section        0  ff.o(i.f_open)
    i.f_putc                                 0x08006540   Section        0  ff.o(i.f_putc)
    i.f_puts                                 0x08006570   Section        0  ff.o(i.f_puts)
    i.f_sync                                 0x080065ba   Section        0  ff.o(i.f_sync)
    i.f_write                                0x0800668c   Section        0  ff.o(i.f_write)
    i.follow_path                            0x08006894   Section        0  ff.o(i.follow_path)
    follow_path                              0x08006895   Thumb Code   470  ff.o(i.follow_path)
    i.get_fat                                0x08006a80   Section        0  ff.o(i.get_fat)
    i.get_fattime                            0x08006b40   Section        0  diskio.o(i.get_fattime)
    i.main                                   0x08006b48   Section        0  main.o(i.main)
    i.mem_cpy                                0x08006d8c   Section        0  ff.o(i.mem_cpy)
    mem_cpy                                  0x08006d8d   Thumb Code    48  ff.o(i.mem_cpy)
    i.mem_set                                0x08006dbc   Section        0  ff.o(i.mem_set)
    mem_set                                  0x08006dbd   Thumb Code    40  ff.o(i.mem_set)
    i.move_window                            0x08006de4   Section        0  ff.o(i.move_window)
    move_window                              0x08006de5   Thumb Code    50  ff.o(i.move_window)
    i.put_fat                                0x08006e16   Section        0  ff.o(i.put_fat)
    i.remove_chain                           0x08006f10   Section        0  ff.o(i.remove_chain)
    remove_chain                             0x08006f11   Thumb Code   102  ff.o(i.remove_chain)
    i.sync_fs                                0x08006f76   Section        0  ff.o(i.sync_fs)
    sync_fs                                  0x08006f77   Thumb Code   178  ff.o(i.sync_fs)
    i.sync_window                            0x08007028   Section        0  ff.o(i.sync_window)
    sync_window                              0x08007029   Thumb Code    84  ff.o(i.sync_window)
    .constdata                               0x0800707c   Section       36  stm32f4_discovery.o(.constdata)
    .constdata                               0x080070a0   Section      128  ff.o(.constdata)
    ExCvt                                    0x080070a0   Data         128  ff.o(.constdata)
    .constdata                               0x08007120   Section     8192  arm_rfft_init_q15.o(.constdata)
    realCoefAQ15                             0x08007120   Data        4096  arm_rfft_init_q15.o(.constdata)
    realCoefBQ15                             0x08008120   Data        4096  arm_rfft_init_q15.o(.constdata)
    .constdata                               0x08009120   Section     4096  arm_cfft_radix4_init_q15.o(.constdata)
    twiddleCoefQ15                           0x08009120   Data        4096  arm_cfft_radix4_init_q15.o(.constdata)
    .constdata                               0x0800a120   Section      512  arm_common_tables.o(.constdata)
    .constdata                               0x0800a320   Section      128  arm_common_tables.o(.constdata)
    .data                                    0x20000000   Section       16  main.o(.data)
    last_button_time                         0x20000004   Data           4  main.o(.data)
    .data                                    0x20000010   Section        1  stm32f4xx_it.o(.data)
    .data                                    0x20000014   Section       12  headphone.o(.data)
    volume                                   0x20000014   Data           1  headphone.o(.data)
    next_buff                                0x20000015   Data           1  headphone.o(.data)
    mic_head                                 0x20000016   Data           2  headphone.o(.data)
    mic_tail                                 0x20000018   Data           2  headphone.o(.data)
    clip_timer                               0x2000001c   Data           4  headphone.o(.data)
    .data                                    0x20000020   Section       24  microphone.o(.data)
    AudioRecInited                           0x20000020   Data           4  microphone.o(.data)
    InternalBufferSize                       0x20000030   Data           4  microphone.o(.data)
    .data                                    0x20000038   Section       20  stm32f4_discovery.o(.data)
    .data                                    0x2000004c   Section       64  stm32f4_discovery_audio_codec.o(.data)
    .data                                    0x2000008c   Section       16  stm32f4xx_rcc.o(.data)
    APBAHBPrescTable                         0x2000008c   Data          16  stm32f4xx_rcc.o(.data)
    .data                                    0x2000009c   Section        1  stm32_ub_usb_msc_host.o(.data)
    .data                                    0x200000a0   Section       16  usbh_core.o(.data)
    timeout                                  0x200000a0   Data           2  usbh_core.o(.data)
    .data                                    0x200000b0   Section       16  usbh_msc_bot.o(.data)
    error_direction                          0x200000b0   Data           1  usbh_msc_bot.o(.data)
    remainingDataLength                      0x200000b4   Data           4  usbh_msc_bot.o(.data)
    datapointer                              0x200000b8   Data           4  usbh_msc_bot.o(.data)
    BOTStallErrorCount                       0x200000bc   Data           4  usbh_msc_bot.o(.data)
    .data                                    0x200000c0   Section        2  usbh_msc_core.o(.data)
    maxLunExceed                             0x200000c1   Data           1  usbh_msc_core.o(.data)
    .data                                    0x200000c4   Section       16  usbh_msc_core.o(.data)
    .data                                    0x200000d4   Section        1  usbh_msc_scsi.o(.data)
    status                                   0x200000d4   Data           1  usbh_msc_scsi.o(.data)
    .data                                    0x200000d8   Section       72  usbh_usr.o(.data)
    .data                                    0x20000120   Section        1  usbh_usr.o(.data)
    USBH_USR_ApplicationState                0x20000120   Data           1  usbh_usr.o(.data)
    .data                                    0x20000124   Section        8  ff.o(.data)
    Fsid                                     0x20000124   Data           2  ff.o(.data)
    FatFs                                    0x20000128   Data           4  ff.o(.data)
    .data                                    0x2000012c   Section      772  pdm_filter.o(.data)
    .bss                                     0x20000430   Section    48460  main.o(.bss)
    .bss                                     0x2000c17c   Section     7168  headphone.o(.bss)
    buff0                                    0x2000c17c   Data        2048  headphone.o(.bss)
    buff1                                    0x2000c97c   Data        2048  headphone.o(.bss)
    micbuff                                  0x2000d17c   Data        3072  headphone.o(.bss)
    .bss                                     0x2000dd7c   Section      212  microphone.o(.bss)
    InternalBuffer                           0x2000ddd0   Data         128  microphone.o(.bss)
    .bss                                     0x2000de50   Section       60  stm32f4_discovery_audio_codec.o(.bss)
    .bss                                     0x2000de8c   Section      564  stm32_ub_fatfs.o(.bss)
    FileSystemObject                         0x2000de8c   Data         564  stm32_ub_fatfs.o(.bss)
    .bss                                     0x2000e0c0   Section     1332  stm32_ub_usb_msc_host.o(.bss)
    .bss                                     0x2000e5f4   Section       64  usbh_msc_bot.o(.bss)
    .bss                                     0x2000e634   Section       74  usbh_msc_core.o(.bss)
    .bss                                     0x2000e680   Section      528  usbh_msc_scsi.o(.bss)
    STACK                                    0x2000e890   Section     1024  startup_stm32f4xx.o(STACK)

    Global Symbols

    Symbol Name                              Value     Ov Type        Size  Object(Section)

    BuildAttributes$$THM_ISAv4$E$P$D$K$B$S$7EM$VFPi3$EXTD16$VFPS$VFMA$PE$A:L22UL41UL21$X:L11$S22US41US21$IEEE1$IW$USESV6$~STKCKD$USESV7$~SHL$OTIME$ROPI$EBA8$MICROLIB$REQ8$PRES8$EABIv2 0x00000000   Number         0  anon$$obj.o ABSOLUTE
    __ARM_use_no_argv                        0x00000000   Number         0  main.o ABSOLUTE
    _printf_a                                0x00000000   Number         0  stubs.o ABSOLUTE
    _printf_c                                0x00000000   Number         0  stubs.o ABSOLUTE
    _printf_charcount                        0x00000000   Number         0  stubs.o ABSOLUTE
    _printf_d                                0x00000000   Number         0  stubs.o ABSOLUTE
    _printf_e                                0x00000000   Number         0  stubs.o ABSOLUTE
    _printf_f                                0x00000000   Number         0  stubs.o ABSOLUTE
    _printf_flags                            0x00000000   Number         0  stubs.o ABSOLUTE
    _printf_fp_dec                           0x00000000   Number         0  stubs.o ABSOLUTE
    _printf_fp_hex                           0x00000000   Number         0  stubs.o ABSOLUTE
    _printf_g                                0x00000000   Number         0  stubs.o ABSOLUTE
    _printf_i                                0x00000000   Number         0  stubs.o ABSOLUTE
    _printf_int_dec                          0x00000000   Number         0  stubs.o ABSOLUTE
    _printf_l                                0x00000000   Number         0  stubs.o ABSOLUTE
    _printf_lc                               0x00000000   Number         0  stubs.o ABSOLUTE
    _printf_ll                               0x00000000   Number         0  stubs.o ABSOLUTE
    _printf_lld                              0x00000000   Number         0  stubs.o ABSOLUTE
    _printf_lli                              0x00000000   Number         0  stubs.o ABSOLUTE
    _printf_llo                              0x00000000   Number         0  stubs.o ABSOLUTE
    _printf_llu                              0x00000000   Number         0  stubs.o ABSOLUTE
    _printf_llx                              0x00000000   Number         0  stubs.o ABSOLUTE
    _printf_longlong_dec                     0x00000000   Number         0  stubs.o ABSOLUTE
    _printf_longlong_hex                     0x00000000   Number         0  stubs.o ABSOLUTE
    _printf_longlong_oct                     0x00000000   Number         0  stubs.o ABSOLUTE
    _printf_ls                               0x00000000   Number         0  stubs.o ABSOLUTE
    _printf_mbtowc                           0x00000000   Number         0  stubs.o ABSOLUTE
    _printf_n                                0x00000000   Number         0  stubs.o ABSOLUTE
    _printf_o                                0x00000000   Number         0  stubs.o ABSOLUTE
    _printf_p                                0x00000000   Number         0  stubs.o ABSOLUTE
    _printf_percent                          0x00000000   Number         0  stubs.o ABSOLUTE
    _printf_pre_padding                      0x00000000   Number         0  stubs.o ABSOLUTE
    _printf_return_value                     0x00000000   Number         0  stubs.o ABSOLUTE
    _printf_s                                0x00000000   Number         0  stubs.o ABSOLUTE
    _printf_sizespec                         0x00000000   Number         0  stubs.o ABSOLUTE
    _printf_str                              0x00000000   Number         0  stubs.o ABSOLUTE
    _printf_truncate_signed                  0x00000000   Number         0  stubs.o ABSOLUTE
    _printf_truncate_unsigned                0x00000000   Number         0  stubs.o ABSOLUTE
    _printf_u                                0x00000000   Number         0  stubs.o ABSOLUTE
    _printf_wc                               0x00000000   Number         0  stubs.o ABSOLUTE
    _printf_wctomb                           0x00000000   Number         0  stubs.o ABSOLUTE
    _printf_widthprec                        0x00000000   Number         0  stubs.o ABSOLUTE
    _printf_x                                0x00000000   Number         0  stubs.o ABSOLUTE
    __cpp_initialize__aeabi_                  - Undefined Weak Reference
    __cxa_finalize                            - Undefined Weak Reference
    _clock_init                               - Undefined Weak Reference
    _microlib_exit                            - Undefined Weak Reference
    __Vectors_Size                           0x00000188   Number         0  startup_stm32f4xx.o ABSOLUTE
    __Vectors                                0x08000000   Data           4  startup_stm32f4xx.o(RESET)
    __Vectors_End                            0x08000188   Data           0  startup_stm32f4xx.o(RESET)
    __main                                   0x08000189   Thumb Code     0  entry.o(.ARM.Collect$$$$00000000)
    _main_stk                                0x08000189   Thumb Code     0  entry2.o(.ARM.Collect$$$$00000001)
    _main_scatterload                        0x0800018d   Thumb Code     0  entry5.o(.ARM.Collect$$$$00000004)
    __main_after_scatterload                 0x08000191   Thumb Code     0  entry5.o(.ARM.Collect$$$$00000004)
    _main_clock                              0x08000191   Thumb Code     0  entry7b.o(.ARM.Collect$$$$00000008)
    _main_cpp_init                           0x08000191   Thumb Code     0  entry8b.o(.ARM.Collect$$$$0000000A)
    _main_init                               0x08000191   Thumb Code     0  entry9a.o(.ARM.Collect$$$$0000000B)
    __rt_final_cpp                           0x08000199   Thumb Code     0  entry10a.o(.ARM.Collect$$$$0000000D)
    __rt_final_exit                          0x08000199   Thumb Code     0  entry11a.o(.ARM.Collect$$$$0000000F)
    Reset_Handler                            0x0800019d   Thumb Code     8  startup_stm32f4xx.o(.text)
    ADC_IRQHandler                           0x080001b7   Thumb Code     0  startup_stm32f4xx.o(.text)
    CAN1_RX0_IRQHandler                      0x080001b7   Thumb Code     0  startup_stm32f4xx.o(.text)
    CAN1_RX1_IRQHandler                      0x080001b7   Thumb Code     0  startup_stm32f4xx.o(.text)
    CAN1_SCE_IRQHandler                      0x080001b7   Thumb Code     0  startup_stm32f4xx.o(.text)
    CAN1_TX_IRQHandler                       0x080001b7   Thumb Code     0  startup_stm32f4xx.o(.text)
    CAN2_RX0_IRQHandler                      0x080001b7   Thumb Code     0  startup_stm32f4xx.o(.text)
    CAN2_RX1_IRQHandler                      0x080001b7   Thumb Code     0  startup_stm32f4xx.o(.text)
    CAN2_SCE_IRQHandler                      0x080001b7   Thumb Code     0  startup_stm32f4xx.o(.text)
    CAN2_TX_IRQHandler                       0x080001b7   Thumb Code     0  startup_stm32f4xx.o(.text)
    CRYP_IRQHandler                          0x080001b7   Thumb Code     0  startup_stm32f4xx.o(.text)
    DCMI_IRQHandler                          0x080001b7   Thumb Code     0  startup_stm32f4xx.o(.text)
    DMA1_Stream1_IRQHandler                  0x080001b7   Thumb Code     0  startup_stm32f4xx.o(.text)
    DMA1_Stream2_IRQHandler                  0x080001b7   Thumb Code     0  startup_stm32f4xx.o(.text)
    DMA1_Stream3_IRQHandler                  0x080001b7   Thumb Code     0  startup_stm32f4xx.o(.text)
    DMA1_Stream4_IRQHandler                  0x080001b7   Thumb Code     0  startup_stm32f4xx.o(.text)
    DMA1_Stream5_IRQHandler                  0x080001b7   Thumb Code     0  startup_stm32f4xx.o(.text)
    DMA1_Stream6_IRQHandler                  0x080001b7   Thumb Code     0  startup_stm32f4xx.o(.text)
    DMA2_Stream0_IRQHandler                  0x080001b7   Thumb Code     0  startup_stm32f4xx.o(.text)
    DMA2_Stream1_IRQHandler                  0x080001b7   Thumb Code     0  startup_stm32f4xx.o(.text)
    DMA2_Stream2_IRQHandler                  0x080001b7   Thumb Code     0  startup_stm32f4xx.o(.text)
    DMA2_Stream3_IRQHandler                  0x080001b7   Thumb Code     0  startup_stm32f4xx.o(.text)
    DMA2_Stream4_IRQHandler                  0x080001b7   Thumb Code     0  startup_stm32f4xx.o(.text)
    DMA2_Stream5_IRQHandler                  0x080001b7   Thumb Code     0  startup_stm32f4xx.o(.text)
    DMA2_Stream6_IRQHandler                  0x080001b7   Thumb Code     0  startup_stm32f4xx.o(.text)
    DMA2_Stream7_IRQHandler                  0x080001b7   Thumb Code     0  startup_stm32f4xx.o(.text)
    ETH_IRQHandler                           0x080001b7   Thumb Code     0  startup_stm32f4xx.o(.text)
    ETH_WKUP_IRQHandler                      0x080001b7   Thumb Code     0  startup_stm32f4xx.o(.text)
    EXTI15_10_IRQHandler                     0x080001b7   Thumb Code     0  startup_stm32f4xx.o(.text)
    EXTI2_IRQHandler                         0x080001b7   Thumb Code     0  startup_stm32f4xx.o(.text)
    EXTI3_IRQHandler                         0x080001b7   Thumb Code     0  startup_stm32f4xx.o(.text)
    EXTI4_IRQHandler                         0x080001b7   Thumb Code     0  startup_stm32f4xx.o(.text)
    EXTI9_5_IRQHandler                       0x080001b7   Thumb Code     0  startup_stm32f4xx.o(.text)
    FLASH_IRQHandler                         0x080001b7   Thumb Code     0  startup_stm32f4xx.o(.text)
    FPU_IRQHandler                           0x080001b7   Thumb Code     0  startup_stm32f4xx.o(.text)
    FSMC_IRQHandler                          0x080001b7   Thumb Code     0  startup_stm32f4xx.o(.text)
    HASH_RNG_IRQHandler                      0x080001b7   Thumb Code     0  startup_stm32f4xx.o(.text)
    I2C1_ER_IRQHandler                       0x080001b7   Thumb Code     0  startup_stm32f4xx.o(.text)
    I2C1_EV_IRQHandler                       0x080001b7   Thumb Code     0  startup_stm32f4xx.o(.text)
    I2C2_ER_IRQHandler                       0x080001b7   Thumb Code     0  startup_stm32f4xx.o(.text)
    I2C2_EV_IRQHandler                       0x080001b7   Thumb Code     0  startup_stm32f4xx.o(.text)
    I2C3_ER_IRQHandler                       0x080001b7   Thumb Code     0  startup_stm32f4xx.o(.text)
    I2C3_EV_IRQHandler                       0x080001b7   Thumb Code     0  startup_stm32f4xx.o(.text)
    OTG_FS_WKUP_IRQHandler                   0x080001b7   Thumb Code     0  startup_stm32f4xx.o(.text)
    OTG_HS_EP1_IN_IRQHandler                 0x080001b7   Thumb Code     0  startup_stm32f4xx.o(.text)
    OTG_HS_EP1_OUT_IRQHandler                0x080001b7   Thumb Code     0  startup_stm32f4xx.o(.text)
    OTG_HS_IRQHandler                        0x080001b7   Thumb Code     0  startup_stm32f4xx.o(.text)
    OTG_HS_WKUP_IRQHandler                   0x080001b7   Thumb Code     0  startup_stm32f4xx.o(.text)
    PVD_IRQHandler                           0x080001b7   Thumb Code     0  startup_stm32f4xx.o(.text)
    RCC_IRQHandler                           0x080001b7   Thumb Code     0  startup_stm32f4xx.o(.text)
    RTC_Alarm_IRQHandler                     0x080001b7   Thumb Code     0  startup_stm32f4xx.o(.text)
    RTC_WKUP_IRQHandler                      0x080001b7   Thumb Code     0  startup_stm32f4xx.o(.text)
    SDIO_IRQHandler                          0x080001b7   Thumb Code     0  startup_stm32f4xx.o(.text)
    SPI1_IRQHandler                          0x080001b7   Thumb Code     0  startup_stm32f4xx.o(.text)
    TAMP_STAMP_IRQHandler                    0x080001b7   Thumb Code     0  startup_stm32f4xx.o(.text)
    TIM1_BRK_TIM9_IRQHandler                 0x080001b7   Thumb Code     0  startup_stm32f4xx.o(.text)
    TIM1_CC_IRQHandler                       0x080001b7   Thumb Code     0  startup_stm32f4xx.o(.text)
    TIM1_TRG_COM_TIM11_IRQHandler            0x080001b7   Thumb Code     0  startup_stm32f4xx.o(.text)
    TIM1_UP_TIM10_IRQHandler                 0x080001b7   Thumb Code     0  startup_stm32f4xx.o(.text)
    TIM2_IRQHandler                          0x080001b7   Thumb Code     0  startup_stm32f4xx.o(.text)
    TIM3_IRQHandler                          0x080001b7   Thumb Code     0  startup_stm32f4xx.o(.text)
    TIM4_IRQHandler                          0x080001b7   Thumb Code     0  startup_stm32f4xx.o(.text)
    TIM5_IRQHandler                          0x080001b7   Thumb Code     0  startup_stm32f4xx.o(.text)
    TIM6_DAC_IRQHandler                      0x080001b7   Thumb Code     0  startup_stm32f4xx.o(.text)
    TIM7_IRQHandler                          0x080001b7   Thumb Code     0  startup_stm32f4xx.o(.text)
    TIM8_BRK_TIM12_IRQHandler                0x080001b7   Thumb Code     0  startup_stm32f4xx.o(.text)
    TIM8_CC_IRQHandler                       0x080001b7   Thumb Code     0  startup_stm32f4xx.o(.text)
    TIM8_TRG_COM_TIM14_IRQHandler            0x080001b7   Thumb Code     0  startup_stm32f4xx.o(.text)
    TIM8_UP_TIM13_IRQHandler                 0x080001b7   Thumb Code     0  startup_stm32f4xx.o(.text)
    UART4_IRQHandler                         0x080001b7   Thumb Code     0  startup_stm32f4xx.o(.text)
    UART5_IRQHandler                         0x080001b7   Thumb Code     0  startup_stm32f4xx.o(.text)
    USART1_IRQHandler                        0x080001b7   Thumb Code     0  startup_stm32f4xx.o(.text)
    USART2_IRQHandler                        0x080001b7   Thumb Code     0  startup_stm32f4xx.o(.text)
    USART3_IRQHandler                        0x080001b7   Thumb Code     0  startup_stm32f4xx.o(.text)
    USART6_IRQHandler                        0x080001b7   Thumb Code     0  startup_stm32f4xx.o(.text)
    WWDG_IRQHandler                          0x080001b7   Thumb Code     0  startup_stm32f4xx.o(.text)
    PDM_Filter_Init                          0x080001c1   Thumb Code   222  pdm_filter.o(.text)
    PDM_Filter_64_LSB                        0x0800029f   Thumb Code   660  pdm_filter.o(.text)
    PDM_Filter_80_LSB                        0x08000533   Thumb Code   692  pdm_filter.o(.text)
    PDM_Filter_64_MSB                        0x080007e7   Thumb Code   658  pdm_filter.o(.text)
    PDM_Filter_80_MSB                        0x08000a79   Thumb Code   830  pdm_filter.o(.text)
    arm_cmplx_mag_q15                        0x08000dbd   Thumb Code   260  arm_cmplx_mag_q15.o(.text)
    arm_rfft_init_q15                        0x08000ec1   Thumb Code   110  arm_rfft_init_q15.o(.text)
    arm_split_rfft_q15                       0x08000f35   Thumb Code   184  arm_rfft_q15.o(.text)
    arm_split_rifft_q15                      0x08000fed   Thumb Code    94  arm_rfft_q15.o(.text)
    arm_rfft_q15                             0x0800104b   Thumb Code   374  arm_rfft_q15.o(.text)
    arm_sqrt_q15                             0x080011c1   Thumb Code   286  arm_sqrt_q15.o(.text)
    arm_cfft_radix4_init_q15                 0x08001331   Thumb Code    90  arm_cfft_radix4_init_q15.o(.text)
    arm_bitreversal_q15                      0x080013a1   Thumb Code   126  arm_cfft_radix4_q15.o(.text)
    arm_radix4_butterfly_q15                 0x0800141f   Thumb Code   614  arm_cfft_radix4_q15.o(.text)
    arm_radix4_butterfly_inverse_q15         0x08001685   Thumb Code   616  arm_cfft_radix4_q15.o(.text)
    arm_cfft_radix4_q15                      0x080018ed   Thumb Code   166  arm_cfft_radix4_q15.o(.text)
    __ARM_scalbnf                            0x08001993   Thumb Code    24  fscalb.o(.text)
    scalbnf                                  0x08001993   Thumb Code     0  fscalb.o(.text)
    __aeabi_dadd                             0x080019ab   Thumb Code   322  dadd.o(.text)
    __aeabi_dsub                             0x08001aed   Thumb Code     6  dadd.o(.text)
    __aeabi_drsub                            0x08001af3   Thumb Code     6  dadd.o(.text)
    __aeabi_dmul                             0x08001af9   Thumb Code   228  dmul.o(.text)
    __aeabi_ddiv                             0x08001bdd   Thumb Code   222  ddiv.o(.text)
    __aeabi_ui2d                             0x08001cbb   Thumb Code    26  dfltui.o(.text)
    __aeabi_d2uiz                            0x08001cd5   Thumb Code    50  dfixui.o(.text)
    __aeabi_f2d                              0x08001d07   Thumb Code    38  f2d.o(.text)
    __aeabi_uidiv                            0x08001d2d   Thumb Code     0  uidiv.o(.text)
    __aeabi_uidivmod                         0x08001d2d   Thumb Code    44  uidiv.o(.text)
    __aeabi_llsl                             0x08001d59   Thumb Code    30  llshl.o(.text)
    _ll_shift_l                              0x08001d59   Thumb Code     0  llshl.o(.text)
    __aeabi_llsr                             0x08001d77   Thumb Code    32  llushr.o(.text)
    _ll_ushift_r                             0x08001d77   Thumb Code     0  llushr.o(.text)
    __aeabi_lasr                             0x08001d97   Thumb Code    36  llsshr.o(.text)
    _ll_sshift_r                             0x08001d97   Thumb Code     0  llsshr.o(.text)
    __I$use$fp                               0x08001dbb   Thumb Code     0  iusefp.o(.text)
    _double_round                            0x08001dbb   Thumb Code    30  depilogue.o(.text)
    _double_epilogue                         0x08001dd9   Thumb Code   156  depilogue.o(.text)
    __scatterload                            0x08001e75   Thumb Code    28  init.o(.text)
    __scatterload_rt2                        0x08001e75   Thumb Code     0  init.o(.text)
    __decompress                             0x08001e99   Thumb Code     0  __dczerorl2.o(.text)
    __decompress1                            0x08001e99   Thumb Code    86  __dczerorl2.o(.text)
    ATA_disk_initialize                      0x08001eef   Thumb Code     6  stm32_ub_atadrive.o(i.ATA_disk_initialize)
    ATA_disk_ioctl                           0x08001ef5   Thumb Code     6  stm32_ub_atadrive.o(i.ATA_disk_ioctl)
    ATA_disk_read                            0x08001efb   Thumb Code     6  stm32_ub_atadrive.o(i.ATA_disk_read)
    ATA_disk_status                          0x08001f01   Thumb Code     6  stm32_ub_atadrive.o(i.ATA_disk_status)
    ATA_disk_write                           0x08001f07   Thumb Code     6  stm32_ub_atadrive.o(i.ATA_disk_write)
    Audio_MAL_Play                           0x08001fb1   Thumb Code    86  stm32f4_discovery_audio_codec.o(i.Audio_MAL_Play)
    BusFault_Handler                         0x08002019   Thumb Code     2  stm32f4xx_it.o(i.BusFault_Handler)
    DAC_SetChannel1Data                      0x0800201b   Thumb Code    22  stm32f4xx_dac.o(i.DAC_SetChannel1Data)
    DMA1_Stream0_IRQHandler                  0x08002031   Thumb Code     4  stm32f4_discovery_audio_codec.o(i.DMA1_Stream0_IRQHandler)
    DMA1_Stream7_IRQHandler                  0x08002035   Thumb Code     4  stm32f4_discovery_audio_codec.o(i.DMA1_Stream7_IRQHandler)
    DMA_ClearFlag                            0x08002039   Thumb Code    28  stm32f4xx_dma.o(i.DMA_ClearFlag)
    DMA_Cmd                                  0x08002065   Thumb Code    18  stm32f4xx_dma.o(i.DMA_Cmd)
    DMA_GetCmdStatus                         0x08002077   Thumb Code    16  stm32f4xx_dma.o(i.DMA_GetCmdStatus)
    DMA_GetFlagStatus                        0x08002089   Thumb Code    36  stm32f4xx_dma.o(i.DMA_GetFlagStatus)
    DMA_Init                                 0x080020bd   Thumb Code   116  stm32f4xx_dma.o(i.DMA_Init)
    DebugMon_Handler                         0x08002135   Thumb Code     2  stm32f4xx_it.o(i.DebugMon_Handler)
    EVAL_AUDIO_GetSampleCallBack             0x08002137   Thumb Code     4  headphone.o(i.EVAL_AUDIO_GetSampleCallBack)
    EVAL_AUDIO_TransferComplete_CallBack     0x0800213d   Thumb Code    34  headphone.o(i.EVAL_AUDIO_TransferComplete_CallBack)
    EXTI0_IRQHandler                         0x0800216d   Thumb Code   134  main.o(i.EXTI0_IRQHandler)
    EXTI1_IRQHandler                         0x080021fd   Thumb Code    30  stm32f4xx_it.o(i.EXTI1_IRQHandler)
    EXTI_ClearITPendingBit                   0x0800221d   Thumb Code     6  stm32f4xx_exti.o(i.EXTI_ClearITPendingBit)
    EXTI_GetITStatus                         0x08002229   Thumb Code    24  stm32f4xx_exti.o(i.EXTI_GetITStatus)
    EXTI_Init                                0x08002249   Thumb Code   134  stm32f4xx_exti.o(i.EXTI_Init)
    GPIO_Init                                0x080022d9   Thumb Code   144  stm32f4xx_gpio.o(i.GPIO_Init)
    GPIO_PinAFConfig                         0x08002369   Thumb Code    34  stm32f4xx_gpio.o(i.GPIO_PinAFConfig)
    GPIO_ResetBits                           0x0800238b   Thumb Code     4  stm32f4xx_gpio.o(i.GPIO_ResetBits)
    GPIO_SetBits                             0x0800238f   Thumb Code     4  stm32f4xx_gpio.o(i.GPIO_SetBits)
    HCD_GetCurrentFrame                      0x08002393   Thumb Code     8  usb_hcd.o(i.HCD_GetCurrentFrame)
    HCD_GetCurrentSpeed                      0x0800239b   Thumb Code    12  usb_hcd.o(i.HCD_GetCurrentSpeed)
    HCD_GetURB_State                         0x080023a7   Thumb Code     8  usb_hcd.o(i.HCD_GetURB_State)
    HCD_GetXferCnt                           0x080023af   Thumb Code    10  usb_hcd.o(i.HCD_GetXferCnt)
    HCD_Init                                 0x080023b9   Thumb Code    86  usb_hcd.o(i.HCD_Init)
    HCD_IsDeviceConnected                    0x0800240f   Thumb Code     6  usb_hcd.o(i.HCD_IsDeviceConnected)
    HCD_ResetPort                            0x08002415   Thumb Code    10  usb_hcd.o(i.HCD_ResetPort)
    HCD_SubmitRequest                        0x0800241f   Thumb Code    20  usb_hcd.o(i.HCD_SubmitRequest)
    HardFault_Handler                        0x08002433   Thumb Code     2  stm32f4xx_it.o(i.HardFault_Handler)
    I2S_Cmd                                  0x08002435   Thumb Code    18  stm32f4xx_spi.o(i.I2S_Cmd)
    I2S_Init                                 0x08002449   Thumb Code   224  stm32f4xx_spi.o(i.I2S_Init)
    MMC_disk_initialize                      0x0800253d   Thumb Code     6  stm32_ub_sdcard.o(i.MMC_disk_initialize)
    MMC_disk_ioctl                           0x08002543   Thumb Code     6  stm32_ub_sdcard.o(i.MMC_disk_ioctl)
    MMC_disk_read                            0x08002549   Thumb Code     6  stm32_ub_sdcard.o(i.MMC_disk_read)
    MMC_disk_status                          0x0800254f   Thumb Code     6  stm32_ub_sdcard.o(i.MMC_disk_status)
    MMC_disk_write                           0x08002555   Thumb Code     6  stm32_ub_sdcard.o(i.MMC_disk_write)
    MemManage_Handler                        0x0800255b   Thumb Code     2  stm32f4xx_it.o(i.MemManage_Handler)
    NMI_Handler                              0x0800255d   Thumb Code     2  stm32f4xx_it.o(i.NMI_Handler)
    NVIC_Init                                0x08002561   Thumb Code   106  misc.o(i.NVIC_Init)
    NVIC_PriorityGroupConfig                 0x080025d1   Thumb Code    14  misc.o(i.NVIC_PriorityGroupConfig)
    OTG_FS_IRQHandler                        0x080025e5   Thumb Code     6  usb_bsp.o(i.OTG_FS_IRQHandler)
    PendSV_Handler                           0x080025f1   Thumb Code     2  stm32f4xx_it.o(i.PendSV_Handler)
    RCC_AHB1PeriphClockCmd                   0x080025f5   Thumb Code    18  stm32f4xx_rcc.o(i.RCC_AHB1PeriphClockCmd)
    RCC_AHB2PeriphClockCmd                   0x0800260d   Thumb Code    18  stm32f4xx_rcc.o(i.RCC_AHB2PeriphClockCmd)
    RCC_APB1PeriphClockCmd                   0x08002625   Thumb Code    18  stm32f4xx_rcc.o(i.RCC_APB1PeriphClockCmd)
    RCC_APB1PeriphResetCmd                   0x0800263d   Thumb Code    18  stm32f4xx_rcc.o(i.RCC_APB1PeriphResetCmd)
    RCC_APB2PeriphClockCmd                   0x08002655   Thumb Code    18  stm32f4xx_rcc.o(i.RCC_APB2PeriphClockCmd)
    RCC_APB2PeriphResetCmd                   0x0800266d   Thumb Code    18  stm32f4xx_rcc.o(i.RCC_APB2PeriphResetCmd)
    RCC_GetClocksFreq                        0x08002685   Thumb Code   150  stm32f4xx_rcc.o(i.RCC_GetClocksFreq)
    SPI2_IRQHandler                          0x0800272d   Thumb Code    76  microphone.o(i.SPI2_IRQHandler)
    SPI3_IRQHandler                          0x08002789   Thumb Code    54  stm32f4_discovery_audio_codec.o(i.SPI3_IRQHandler)
    SPI_I2S_DeInit                           0x080027c9   Thumb Code    92  stm32f4xx_spi.o(i.SPI_I2S_DeInit)
    SPI_I2S_GetFlagStatus                    0x08002825   Thumb Code    14  stm32f4xx_spi.o(i.SPI_I2S_GetFlagStatus)
    SPI_I2S_GetITStatus                      0x08002833   Thumb Code    46  stm32f4xx_spi.o(i.SPI_I2S_GetITStatus)
    SPI_I2S_ITConfig                         0x08002861   Thumb Code    26  stm32f4xx_spi.o(i.SPI_I2S_ITConfig)
    SPI_I2S_ReceiveData                      0x0800287b   Thumb Code     4  stm32f4xx_spi.o(i.SPI_I2S_ReceiveData)
    SPI_I2S_SendData                         0x0800287f   Thumb Code     4  stm32f4xx_spi.o(i.SPI_I2S_SendData)
    STM_EVAL_LEDInit                         0x08002885   Thumb Code    64  stm32f4_discovery.o(i.STM_EVAL_LEDInit)
    STM_EVAL_LEDOff                          0x080028d1   Thumb Code    16  stm32f4_discovery.o(i.STM_EVAL_LEDOff)
    STM_EVAL_LEDOn                           0x080028e9   Thumb Code    16  stm32f4_discovery.o(i.STM_EVAL_LEDOn)
    STM_EVAL_LEDToggle                       0x08002901   Thumb Code    20  stm32f4_discovery.o(i.STM_EVAL_LEDToggle)
    STM_EVAL_PBInit                          0x0800291d   Thumb Code   140  stm32f4_discovery.o(i.STM_EVAL_PBInit)
    SVC_Handler                              0x080029c1   Thumb Code     2  stm32f4xx_it.o(i.SVC_Handler)
    SYSCFG_EXTILineConfig                    0x080029c3   Thumb Code    46  stm32f4xx_syscfg.o(i.SYSCFG_EXTILineConfig)
    SysTick_Handler                          0x080029f1   Thumb Code   214  main.o(i.SysTick_Handler)
    SystemInit                               0x08002ad1   Thumb Code   254  system_stm32f4xx.o(i.SystemInit)
    UB_Fatfs_CloseFile                       0x08002bfd   Thumb Code    18  stm32_ub_fatfs.o(i.UB_Fatfs_CloseFile)
    UB_Fatfs_Mount                           0x08002c11   Thumb Code    42  stm32_ub_fatfs.o(i.UB_Fatfs_Mount)
    UB_Fatfs_OpenFile                        0x08002c45   Thumb Code   100  stm32_ub_fatfs.o(i.UB_Fatfs_OpenFile)
    UB_Fatfs_UnMount                         0x08002ca9   Thumb Code    24  stm32_ub_fatfs.o(i.UB_Fatfs_UnMount)
    UB_Fatfs_WriteString                     0x08002cc1   Thumb Code    34  stm32_ub_fatfs.o(i.UB_Fatfs_WriteString)
    UB_USB_MSC_HOST_Do                       0x08002ce5   Thumb Code    24  stm32_ub_usb_msc_host.o(i.UB_USB_MSC_HOST_Do)
    UB_USB_MSC_HOST_Init                     0x08002d05   Thumb Code    28  stm32_ub_usb_msc_host.o(i.UB_USB_MSC_HOST_Init)
    USBH_Alloc_Channel                       0x08002d31   Thumb Code    60  usbh_hcs.o(i.USBH_Alloc_Channel)
    USBH_BulkReceiveData                     0x08002d6d   Thumb Code    40  usbh_ioreq.o(i.USBH_BulkReceiveData)
    USBH_BulkSendData                        0x08002d95   Thumb Code    42  usbh_ioreq.o(i.USBH_BulkSendData)
    USBH_ClrFeature                          0x08002dbf   Thumb Code    60  usbh_stdreq.o(i.USBH_ClrFeature)
    USBH_Connect                             0x08002dfb   Thumb Code    18  usbh_core.o(i.USBH_Connect)
    USBH_CtlReceiveData                      0x08002e0d   Thumb Code    32  usbh_ioreq.o(i.USBH_CtlReceiveData)
    USBH_CtlReq                              0x08002e2d   Thumb Code    82  usbh_ioreq.o(i.USBH_CtlReq)
    USBH_CtlSendData                         0x08002e7f   Thumb Code    58  usbh_ioreq.o(i.USBH_CtlSendData)
    USBH_CtlSendSetup                        0x08002eb9   Thumb Code    42  usbh_ioreq.o(i.USBH_CtlSendSetup)
    USBH_DeAllocate_AllChannel               0x08002ee3   Thumb Code    18  usbh_hcs.o(i.USBH_DeAllocate_AllChannel)
    USBH_Disconnect                          0x08002ef5   Thumb Code    18  usbh_core.o(i.USBH_Disconnect)
    USBH_Free_Channel                        0x08002f07   Thumb Code    24  usbh_hcs.o(i.USBH_Free_Channel)
    USBH_Get_CfgDesc                         0x08002f1f   Thumb Code   318  usbh_stdreq.o(i.USBH_Get_CfgDesc)
    USBH_Get_DevDesc                         0x0800305d   Thumb Code   184  usbh_stdreq.o(i.USBH_Get_DevDesc)
    USBH_Get_StringDesc                      0x08003115   Thumb Code   130  usbh_stdreq.o(i.USBH_Get_StringDesc)
    USBH_HandleControl                       0x08003199   Thumb Code   438  usbh_core.o(i.USBH_HandleControl)
    USBH_Init                                0x08003355   Thumb Code   112  usbh_core.o(i.USBH_Init)
    USBH_MSC_HandleBOTXfer                   0x080035d9   Thumb Code   638  usbh_msc_bot.o(i.USBH_MSC_HandleBOTXfer)
    USBH_MSC_Init                            0x08003871   Thumb Code    38  usbh_msc_bot.o(i.USBH_MSC_Init)
    USBH_MSC_ModeSense6                      0x08003989   Thumb Code   162  usbh_msc_scsi.o(i.USBH_MSC_ModeSense6)
    USBH_MSC_Read10                          0x08003a3d   Thumb Code   210  usbh_msc_scsi.o(i.USBH_MSC_Read10)
    USBH_MSC_ReadCapacity10                  0x08003b1d   Thumb Code   170  usbh_msc_scsi.o(i.USBH_MSC_ReadCapacity10)
    USBH_MSC_RequestSense                    0x08003bd9   Thumb Code   172  usbh_msc_scsi.o(i.USBH_MSC_RequestSense)
    USBH_MSC_TestUnitReady                   0x08003c95   Thumb Code   144  usbh_msc_scsi.o(i.USBH_MSC_TestUnitReady)
    USBH_MSC_Write10                         0x08003d31   Thumb Code   158  usbh_msc_scsi.o(i.USBH_MSC_Write10)
    USBH_Modify_Channel                      0x08003dd9   Thumb Code    52  usbh_hcs.o(i.USBH_Modify_Channel)
    USBH_OTG_ISR_Handler                     0x08003e0d   Thumb Code   796  usb_hcd_int.o(i.USBH_OTG_ISR_Handler)
    USBH_Open_Channel                        0x0800412d   Thumb Code    86  usbh_hcs.o(i.USBH_Open_Channel)
    USBH_Process                             0x08004185   Thumb Code  1004  usbh_core.o(i.USBH_Process)
    USBH_SetAddress                          0x08004575   Thumb Code    24  usbh_stdreq.o(i.USBH_SetAddress)
    USBH_SetCfg                              0x0800458d   Thumb Code    24  usbh_stdreq.o(i.USBH_SetCfg)
    USBH_USR_Configuration_DescAvailable     0x080045a5   Thumb Code     2  usbh_usr.o(i.USBH_USR_Configuration_DescAvailable)
    USBH_USR_DeInit                          0x080045a9   Thumb Code     8  usbh_usr.o(i.USBH_USR_DeInit)
    USBH_USR_DeviceAddressAssigned           0x080045b5   Thumb Code     2  usbh_usr.o(i.USBH_USR_DeviceAddressAssigned)
    USBH_USR_DeviceAttached                  0x080045b9   Thumb Code     8  usbh_usr.o(i.USBH_USR_DeviceAttached)
    USBH_USR_DeviceDisconnected              0x080045c5   Thumb Code     8  usbh_usr.o(i.USBH_USR_DeviceDisconnected)
    USBH_USR_DeviceNotSupported              0x080045d1   Thumb Code     8  usbh_usr.o(i.USBH_USR_DeviceNotSupported)
    USBH_USR_DeviceSpeedDetected             0x080045dd   Thumb Code    16  usbh_usr.o(i.USBH_USR_DeviceSpeedDetected)
    USBH_USR_Device_DescAvailable            0x080045f1   Thumb Code     2  usbh_usr.o(i.USBH_USR_Device_DescAvailable)
    USBH_USR_EnumerationDone                 0x080045f3   Thumb Code     2  usbh_usr.o(i.USBH_USR_EnumerationDone)
    USBH_USR_Init                            0x080045f5   Thumb Code     2  usbh_usr.o(i.USBH_USR_Init)
    USBH_USR_MSC_Application                 0x080045f9   Thumb Code    34  usbh_usr.o(i.USBH_USR_MSC_Application)
    USBH_USR_Manufacturer_String             0x08004629   Thumb Code     2  usbh_usr.o(i.USBH_USR_Manufacturer_String)
    USBH_USR_OverCurrentDetected             0x0800462d   Thumb Code     8  usbh_usr.o(i.USBH_USR_OverCurrentDetected)
    USBH_USR_Product_String                  0x08004639   Thumb Code     2  usbh_usr.o(i.USBH_USR_Product_String)
    USBH_USR_ResetDevice                     0x0800463b   Thumb Code     2  usbh_usr.o(i.USBH_USR_ResetDevice)
    USBH_USR_SerialNum_String                0x0800463d   Thumb Code     2  usbh_usr.o(i.USBH_USR_SerialNum_String)
    USBH_USR_UnrecoveredError                0x08004641   Thumb Code     8  usbh_usr.o(i.USBH_USR_UnrecoveredError)
    USBH_USR_UserInput                       0x0800464d   Thumb Code     4  usbh_usr.o(i.USBH_USR_UserInput)
    USB_Beispiel_schreiben                   0x08004651   Thumb Code   298  main.o(i.USB_Beispiel_schreiben)
    USB_OTG_BSP_ConfigVBUS                   0x080047d5   Thumb Code    84  usb_bsp.o(i.USB_OTG_BSP_ConfigVBUS)
    USB_OTG_BSP_DriveVBUS                    0x08004835   Thumb Code    18  usb_bsp.o(i.USB_OTG_BSP_DriveVBUS)
    USB_OTG_BSP_EnableInterrupt              0x0800484d   Thumb Code    38  usb_bsp.o(i.USB_OTG_BSP_EnableInterrupt)
    USB_OTG_BSP_Init                         0x08004875   Thumb Code   128  usb_bsp.o(i.USB_OTG_BSP_Init)
    USB_OTG_BSP_mDelay                       0x080048f9   Thumb Code    44  usb_bsp.o(i.USB_OTG_BSP_mDelay)
    USB_OTG_BSP_uDelay                       0x08004929   Thumb Code    38  usb_bsp.o(i.USB_OTG_BSP_uDelay)
    USB_OTG_CoreInit                         0x08004955   Thumb Code   368  usb_core.o(i.USB_OTG_CoreInit)
    USB_OTG_CoreInitHost                     0x08004ac9   Thumb Code   312  usb_core.o(i.USB_OTG_CoreInitHost)
    USB_OTG_DisableGlobalInt                 0x08004c09   Thumb Code    16  usb_core.o(i.USB_OTG_DisableGlobalInt)
    USB_OTG_EnableGlobalInt                  0x08004c19   Thumb Code    16  usb_core.o(i.USB_OTG_EnableGlobalInt)
    USB_OTG_HC_DoPing                        0x08004c29   Thumb Code    44  usb_core.o(i.USB_OTG_HC_DoPing)
    USB_OTG_HC_Halt                          0x08004c55   Thumb Code    64  usb_core.o(i.USB_OTG_HC_Halt)
    USB_OTG_HC_Init                          0x08004c95   Thumb Code   254  usb_core.o(i.USB_OTG_HC_Init)
    USB_OTG_HC_StartXfer                     0x08004d95   Thumb Code   320  usb_core.o(i.USB_OTG_HC_StartXfer)
    USB_OTG_InitFSLSPClkSel                  0x08004ed5   Thumb Code    12  usb_core.o(i.USB_OTG_InitFSLSPClkSel)
    USB_OTG_IsHostMode                       0x08004ee1   Thumb Code    14  usb_core.o(i.USB_OTG_IsHostMode)
    USB_OTG_ReadCoreItr                      0x08004eef   Thumb Code    10  usb_core.o(i.USB_OTG_ReadCoreItr)
    USB_OTG_ReadHostAllChannels_intr         0x08004ef9   Thumb Code     6  usb_core.o(i.USB_OTG_ReadHostAllChannels_intr)
    USB_OTG_ReadPacket                       0x08004eff   Thumb Code    54  usb_core.o(i.USB_OTG_ReadPacket)
    USB_OTG_ResetPort                        0x08004f35   Thumb Code    46  usb_core.o(i.USB_OTG_ResetPort)
    USB_OTG_SelectCore                       0x08004f65   Thumb Code   282  usb_core.o(i.USB_OTG_SelectCore)
    USB_OTG_SetCurrentMode                   0x08005085   Thumb Code    42  usb_core.o(i.USB_OTG_SetCurrentMode)
    USB_OTG_WritePacket                      0x080054e9   Thumb Code    86  usb_core.o(i.USB_OTG_WritePacket)
    USB_disk_initialize                      0x08005541   Thumb Code    28  stm32_ub_usbdisk.o(i.USB_disk_initialize)
    USB_disk_ioctl                           0x08005565   Thumb Code    42  stm32_ub_usbdisk.o(i.USB_disk_ioctl)
    USB_disk_read                            0x08005595   Thumb Code    82  stm32_ub_usbdisk.o(i.USB_disk_read)
    USB_disk_status                          0x080055f5   Thumb Code    28  stm32_ub_usbdisk.o(i.USB_disk_status)
    USB_disk_write                           0x08005619   Thumb Code    82  stm32_ub_usbdisk.o(i.USB_disk_write)
    UsageFault_Handler                       0x08005679   Thumb Code     2  stm32f4xx_it.o(i.UsageFault_Handler)
    WaveRecorderBeginSampling                0x0800567d   Thumb Code    56  microphone.o(i.WaveRecorderBeginSampling)
    WaveRecorderCallback                     0x080056c1   Thumb Code   118  headphone.o(i.WaveRecorderCallback)
    WaveRecorderInit                         0x08005741   Thumb Code   274  microphone.o(i.WaveRecorderInit)
    __0snprintf$1                            0x08005875   Thumb Code    36  printf1.o(i.__0snprintf$1)
    __1snprintf$1                            0x08005875   Thumb Code     0  printf1.o(i.__0snprintf$1)
    __2snprintf                              0x08005875   Thumb Code     0  printf1.o(i.__0snprintf$1)
    __scatterload_copy                       0x0800589d   Thumb Code    14  handlers.o(i.__scatterload_copy)
    __scatterload_null                       0x080058ab   Thumb Code     2  handlers.o(i.__scatterload_null)
    __scatterload_zeroinit                   0x080058ad   Thumb Code    14  handlers.o(i.__scatterload_zeroinit)
    disk_initialize                          0x08006013   Thumb Code    42  diskio.o(i.disk_initialize)
    disk_ioctl                               0x0800603d   Thumb Code    60  diskio.o(i.disk_ioctl)
    disk_read                                0x08006079   Thumb Code    68  diskio.o(i.disk_read)
    disk_status                              0x080060bd   Thumb Code    46  diskio.o(i.disk_status)
    disk_write                               0x080060eb   Thumb Code    68  diskio.o(i.disk_write)
    f_close                                  0x0800612f   Thumb Code    18  ff.o(i.f_close)
    f_getfree                                0x08006141   Thumb Code   234  ff.o(i.f_getfree)
    f_lseek                                  0x0800622b   Thumb Code   404  ff.o(i.f_lseek)
    f_mount                                  0x080063c1   Thumb Code    32  ff.o(i.f_mount)
    f_open                                   0x080063e5   Thumb Code   348  ff.o(i.f_open)
    f_putc                                   0x08006541   Thumb Code    48  ff.o(i.f_putc)
    f_puts                                   0x08006571   Thumb Code    74  ff.o(i.f_puts)
    f_sync                                   0x080065bb   Thumb Code   208  ff.o(i.f_sync)
    f_write                                  0x0800668d   Thumb Code   520  ff.o(i.f_write)
    get_fat                                  0x08006a81   Thumb Code   192  ff.o(i.get_fat)
    get_fattime                              0x08006b41   Thumb Code     4  diskio.o(i.get_fattime)
    main                                     0x08006b49   Thumb Code   510  main.o(i.main)
    put_fat                                  0x08006e17   Thumb Code   250  ff.o(i.put_fat)
    BUTTON_PORT_SOURCE                       0x0800707c   Data           1  stm32f4_discovery.o(.constdata)
    BUTTON_PIN_SOURCE                        0x0800707d   Data           1  stm32f4_discovery.o(.constdata)
    BUTTON_IRQn                              0x0800707e   Data           1  stm32f4_discovery.o(.constdata)
    BUTTON_PIN                               0x08007080   Data           2  stm32f4_discovery.o(.constdata)
    BUTTON_EXTI_LINE                         0x08007082   Data           2  stm32f4_discovery.o(.constdata)
    BUTTON_CLK                               0x08007084   Data           4  stm32f4_discovery.o(.constdata)
    GPIO_PIN                                 0x08007088   Data           8  stm32f4_discovery.o(.constdata)
    GPIO_CLK                                 0x08007090   Data          16  stm32f4_discovery.o(.constdata)
    armBitRevTable                           0x0800a120   Data         512  arm_common_tables.o(.constdata)
    armRecipTableQ15                         0x0800a320   Data         128  arm_common_tables.o(.constdata)
    Region$$Table$$Base                      0x0800a3a0   Number         0  anon$$obj.o(Region$$Table)
    Region$$Table$$Limit                     0x0800a3c0   Number         0  anon$$obj.o(Region$$Table)
    ok                                       0x20000000   Data           1  main.o(.data)
    user_mode                                0x20000008   Data           4  main.o(.data)
    msec_counter                             0x2000000c   Data           4  main.o(.data)
    LED_Toggle                               0x20000010   Data           1  stm32f4xx_it.o(.data)
    AudioRecBitRes                           0x20000024   Data           4  microphone.o(.data)
    AudioRecChnlNbr                          0x20000028   Data           4  microphone.o(.data)
    AudioRecCurrSize                         0x2000002c   Data           4  microphone.o(.data)
    pAudioRecBuf                             0x20000034   Data           4  microphone.o(.data)
    BUTTON_PORT                              0x20000038   Data           4  stm32f4_discovery.o(.data)
    GPIO_PORT                                0x2000003c   Data          16  stm32f4_discovery.o(.data)
    OutputDev                                0x2000004c   Data           1  stm32f4_discovery_audio_codec.o(.data)
    AudioTotalSize                           0x20000050   Data           4  stm32f4_discovery_audio_codec.o(.data)
    AudioRemSize                             0x20000054   Data           4  stm32f4_discovery_audio_codec.o(.data)
    CODECTimeout                             0x20000058   Data           4  stm32f4_discovery_audio_codec.o(.data)
    CurrAudioInterface                       0x2000005c   Data           4  stm32f4_discovery_audio_codec.o(.data)
    AUDIO_MAL_DMA_CLOCK                      0x20000060   Data           4  stm32f4_discovery_audio_codec.o(.data)
    AUDIO_MAL_DMA_STREAM                     0x20000064   Data           4  stm32f4_discovery_audio_codec.o(.data)
    AUDIO_MAL_DMA_DREG                       0x20000068   Data           4  stm32f4_discovery_audio_codec.o(.data)
    AUDIO_MAL_DMA_CHANNEL                    0x2000006c   Data           4  stm32f4_discovery_audio_codec.o(.data)
    AUDIO_MAL_DMA_IRQ                        0x20000070   Data           4  stm32f4_discovery_audio_codec.o(.data)
    AUDIO_MAL_DMA_FLAG_TC                    0x20000074   Data           4  stm32f4_discovery_audio_codec.o(.data)
    AUDIO_MAL_DMA_FLAG_HT                    0x20000078   Data           4  stm32f4_discovery_audio_codec.o(.data)
    AUDIO_MAL_DMA_FLAG_FE                    0x2000007c   Data           4  stm32f4_discovery_audio_codec.o(.data)
    AUDIO_MAL_DMA_FLAG_TE                    0x20000080   Data           4  stm32f4_discovery_audio_codec.o(.data)
    AUDIO_MAL_DMA_FLAG_DME                   0x20000084   Data           4  stm32f4_discovery_audio_codec.o(.data)
    CurrentPos                               0x20000088   Data           4  stm32f4_discovery_audio_codec.o(.data)
    USB_MSC_HOST_STATUS                      0x2000009c   Data           1  stm32_ub_usb_msc_host.o(.data)
    USBH_DeviceConnStatus_cb                 0x200000a4   Data          12  usbh_core.o(.data)
    MSCErrorCount                            0x200000c0   Data           1  usbh_msc_core.o(.data)
    USBH_MSC_cb                              0x200000c4   Data          16  usbh_msc_core.o(.data)
    USR_Callbacks                            0x200000d8   Data          72  usbh_usr.o(.data)
    stm32_crc                                0x2000012c   Data           4  pdm_filter.o(.data)
    T0                                       0x20000130   Data         256  pdm_filter.o(.data)
    T1                                       0x20000230   Data         256  pdm_filter.o(.data)
    T2                                       0x20000330   Data         256  pdm_filter.o(.data)
    RealFFT_Instance                         0x20000430   Data          28  main.o(.bss)
    MyComplexFFT_Instance                    0x2000044c   Data          16  main.o(.bss)
    audio_array                              0x2000045c   Data       46000  main.o(.bss)
    result_array                             0x2000b80c   Data        1600  main.o(.bss)
    result_array_mag                         0x2000be4c   Data         800  main.o(.bss)
    RCC_Clocks                               0x2000c16c   Data          16  main.o(.bss)
    Filter                                   0x2000dd7c   Data          52  microphone.o(.bss)
    RecBuf                                   0x2000ddb0   Data          32  microphone.o(.bss)
    DMA_InitStructure                        0x2000de50   Data          60  stm32f4_discovery_audio_codec.o(.bss)
    USB_OTG_Core                             0x2000e0c0   Data        1200  stm32_ub_usb_msc_host.o(.bss)
    USB_Host                                 0x2000e570   Data         132  stm32_ub_usb_msc_host.o(.bss)
    USBH_MSC_CBWData                         0x2000e5f4   Data          32  usbh_msc_bot.o(.bss)
    USBH_MSC_CSWData                         0x2000e614   Data          16  usbh_msc_bot.o(.bss)
    USBH_MSC_BOTXferParam                    0x2000e624   Data          16  usbh_msc_bot.o(.bss)
    MSC_Machine                              0x2000e634   Data          74  usbh_msc_core.o(.bss)
    USBH_MSC_Param                           0x2000e680   Data          16  usbh_msc_scsi.o(.bss)
    USBH_DataInBuffer                        0x2000e690   Data         512  usbh_msc_scsi.o(.bss)
    __initial_sp                             0x2000ec90   Data           0  startup_stm32f4xx.o(STACK)



==============================================================================

Memory Map of the image

  Image Entry point : 0x08000189

  Load Region LR_IROM1 (Base: 0x08000000, Size: 0x0000a7f0, Max: 0x00100000, ABSOLUTE, COMPRESSED[0x0000a660])

    Execution Region ER_IROM1 (Base: 0x08000000, Size: 0x0000a3c0, Max: 0x00100000, ABSOLUTE)

    Base Addr    Size         Type   Attr      Idx    E Section Name        Object

    0x08000000   0x00000188   Data   RO          271    RESET               startup_stm32f4xx.o
    0x08000188   0x00000000   Code   RO          518  * .ARM.Collect$$$$00000000  mc_w.l(entry.o)
    0x08000188   0x00000004   Code   RO          660    .ARM.Collect$$$$00000001  mc_w.l(entry2.o)
    0x0800018c   0x00000004   Code   RO          663    .ARM.Collect$$$$00000004  mc_w.l(entry5.o)
    0x08000190   0x00000000   Code   RO          665    .ARM.Collect$$$$00000008  mc_w.l(entry7b.o)
    0x08000190   0x00000000   Code   RO          667    .ARM.Collect$$$$0000000A  mc_w.l(entry8b.o)
    0x08000190   0x00000008   Code   RO          668    .ARM.Collect$$$$0000000B  mc_w.l(entry9a.o)
    0x08000198   0x00000000   Code   RO          670    .ARM.Collect$$$$0000000D  mc_w.l(entry10a.o)
    0x08000198   0x00000000   Code   RO          672    .ARM.Collect$$$$0000000F  mc_w.l(entry11a.o)
    0x08000198   0x00000004   Code   RO          661    .ARM.Collect$$$$00002712  mc_w.l(entry2.o)
    0x0800019c   0x00000024   Code   RO          272    .text               startup_stm32f4xx.o
    0x080001c0   0x00000bfc   Code   RO          492    .text               libPDMFilter_Keil.lib(pdm_filter.o)
    0x08000dbc   0x00000104   Code   RO          495    .text               arm_cortexM4lf_math.lib(arm_cmplx_mag_q15.o)
    0x08000ec0   0x00000074   Code   RO          501    .text               arm_cortexM4lf_math.lib(arm_rfft_init_q15.o)
    0x08000f34   0x0000028c   Code   RO          504    .text               arm_cortexM4lf_math.lib(arm_rfft_q15.o)
    0x080011c0   0x00000170   Code   RO          508    .text               arm_cortexM4lf_math.lib(arm_sqrt_q15.o)
    0x08001330   0x00000070   Code   RO          510    .text               arm_cortexM4lf_math.lib(arm_cfft_radix4_init_q15.o)
    0x080013a0   0x000005f2   Code   RO          513    .text               arm_cortexM4lf_math.lib(arm_cfft_radix4_q15.o)
    0x08001992   0x00000018   Code   RO          653    .text               mf_w.l(fscalb.o)
    0x080019aa   0x0000014e   Code   RO          654    .text               mf_w.l(dadd.o)
    0x08001af8   0x000000e4   Code   RO          655    .text               mf_w.l(dmul.o)
    0x08001bdc   0x000000de   Code   RO          656    .text               mf_w.l(ddiv.o)
    0x08001cba   0x0000001a   Code   RO          657    .text               mf_w.l(dfltui.o)
    0x08001cd4   0x00000032   Code   RO          658    .text               mf_w.l(dfixui.o)
    0x08001d06   0x00000026   Code   RO          659    .text               mf_w.l(f2d.o)
    0x08001d2c   0x0000002c   Code   RO          676    .text               mc_w.l(uidiv.o)
    0x08001d58   0x0000001e   Code   RO          678    .text               mc_w.l(llshl.o)
    0x08001d76   0x00000020   Code   RO          679    .text               mc_w.l(llushr.o)
    0x08001d96   0x00000024   Code   RO          680    .text               mc_w.l(llsshr.o)
    0x08001dba   0x00000000   Code   RO          681    .text               mc_w.l(iusefp.o)
    0x08001dba   0x000000ba   Code   RO          682    .text               mf_w.l(depilogue.o)
    0x08001e74   0x00000024   Code   RO          685    .text               mc_w.l(init.o)
    0x08001e98   0x00000056   Code   RO          693    .text               mc_w.l(__dczerorl2.o)
    0x08001eee   0x00000006   Code   RO          469    i.ATA_disk_initialize  stm32_ub_atadrive.o
    0x08001ef4   0x00000006   Code   RO          470    i.ATA_disk_ioctl    stm32_ub_atadrive.o
    0x08001efa   0x00000006   Code   RO          471    i.ATA_disk_read     stm32_ub_atadrive.o
    0x08001f00   0x00000006   Code   RO          472    i.ATA_disk_status   stm32_ub_atadrive.o
    0x08001f06   0x00000006   Code   RO          473    i.ATA_disk_write    stm32_ub_atadrive.o
    0x08001f0c   0x000000a4   Code   RO           60    i.Audio_MAL_IRQHandler  stm32f4_discovery_audio_codec.o
    0x08001fb0   0x00000068   Code   RO           61    i.Audio_MAL_Play    stm32f4_discovery_audio_codec.o
    0x08002018   0x00000002   Code   RO           13    i.BusFault_Handler  stm32f4xx_it.o
    0x0800201a   0x00000016   Code   RO          104    i.DAC_SetChannel1Data  stm32f4xx_dac.o
    0x08002030   0x00000004   Code   RO           65    i.DMA1_Stream0_IRQHandler  stm32f4_discovery_audio_codec.o
    0x08002034   0x00000004   Code   RO           66    i.DMA1_Stream7_IRQHandler  stm32f4_discovery_audio_codec.o
    0x08002038   0x0000002c   Code   RO          111    i.DMA_ClearFlag     stm32f4xx_dma.o
    0x08002064   0x00000012   Code   RO          113    i.DMA_Cmd           stm32f4xx_dma.o
    0x08002076   0x00000010   Code   RO          118    i.DMA_GetCmdStatus  stm32f4xx_dma.o
    0x08002086   0x00000002   PAD
    0x08002088   0x00000034   Code   RO          122    i.DMA_GetFlagStatus  stm32f4xx_dma.o
    0x080020bc   0x00000078   Code   RO          125    i.DMA_Init          stm32f4xx_dma.o
    0x08002134   0x00000002   Code   RO           14    i.DebugMon_Handler  stm32f4xx_it.o
    0x08002136   0x00000004   Code   RO           29    i.EVAL_AUDIO_GetSampleCallBack  headphone.o
    0x0800213a   0x00000002   PAD
    0x0800213c   0x00000030   Code   RO           31    i.EVAL_AUDIO_TransferComplete_CallBack  headphone.o
    0x0800216c   0x00000090   Code   RO            3    i.EXTI0_IRQHandler  main.o
    0x080021fc   0x0000001e   Code   RO           15    i.EXTI1_IRQHandler  stm32f4xx_it.o
    0x0800221a   0x00000002   PAD
    0x0800221c   0x0000000c   Code   RO          253    i.EXTI_ClearITPendingBit  stm32f4xx_exti.o
    0x08002228   0x00000020   Code   RO          257    i.EXTI_GetITStatus  stm32f4xx_exti.o
    0x08002248   0x00000090   Code   RO          258    i.EXTI_Init         stm32f4xx_exti.o
    0x080022d8   0x00000090   Code   RO          132    i.GPIO_Init         stm32f4xx_gpio.o
    0x08002368   0x00000022   Code   RO          133    i.GPIO_PinAFConfig  stm32f4xx_gpio.o
    0x0800238a   0x00000004   Code   RO          139    i.GPIO_ResetBits    stm32f4xx_gpio.o
    0x0800238e   0x00000004   Code   RO          140    i.GPIO_SetBits      stm32f4xx_gpio.o
    0x08002392   0x00000008   Code   RO          330    i.HCD_GetCurrentFrame  usb_hcd.o
    0x0800239a   0x0000000c   Code   RO          331    i.HCD_GetCurrentSpeed  usb_hcd.o
    0x080023a6   0x00000008   Code   RO          333    i.HCD_GetURB_State  usb_hcd.o
    0x080023ae   0x0000000a   Code   RO          334    i.HCD_GetXferCnt    usb_hcd.o
    0x080023b8   0x00000056   Code   RO          336    i.HCD_Init          usb_hcd.o
    0x0800240e   0x00000006   Code   RO          337    i.HCD_IsDeviceConnected  usb_hcd.o
    0x08002414   0x0000000a   Code   RO          338    i.HCD_ResetPort     usb_hcd.o
    0x0800241e   0x00000014   Code   RO          339    i.HCD_SubmitRequest  usb_hcd.o
    0x08002432   0x00000002   Code   RO           16    i.HardFault_Handler  stm32f4xx_it.o
    0x08002434   0x00000012   Code   RO          226    i.I2S_Cmd           stm32f4xx_spi.o
    0x08002446   0x00000002   PAD
    0x08002448   0x000000f4   Code   RO          228    i.I2S_Init          stm32f4xx_spi.o
    0x0800253c   0x00000006   Code   RO          477    i.MMC_disk_initialize  stm32_ub_sdcard.o
    0x08002542   0x00000006   Code   RO          478    i.MMC_disk_ioctl    stm32_ub_sdcard.o
    0x08002548   0x00000006   Code   RO          479    i.MMC_disk_read     stm32_ub_sdcard.o
    0x0800254e   0x00000006   Code   RO          480    i.MMC_disk_status   stm32_ub_sdcard.o
    0x08002554   0x00000006   Code   RO          481    i.MMC_disk_write    stm32_ub_sdcard.o
    0x0800255a   0x00000002   Code   RO           17    i.MemManage_Handler  stm32f4xx_it.o
    0x0800255c   0x00000002   Code   RO           18    i.NMI_Handler       stm32f4xx_it.o
    0x0800255e   0x00000002   PAD
    0x08002560   0x00000070   Code   RO           80    i.NVIC_Init         misc.o
    0x080025d0   0x00000014   Code   RO           81    i.NVIC_PriorityGroupConfig  misc.o
    0x080025e4   0x0000000c   Code   RO          293    i.OTG_FS_IRQHandler  usb_bsp.o
    0x080025f0   0x00000002   Code   RO           19    i.PendSV_Handler    stm32f4xx_it.o
    0x080025f2   0x00000002   PAD
    0x080025f4   0x00000018   Code   RO          180    i.RCC_AHB1PeriphClockCmd  stm32f4xx_rcc.o
    0x0800260c   0x00000018   Code   RO          183    i.RCC_AHB2PeriphClockCmd  stm32f4xx_rcc.o
    0x08002624   0x00000018   Code   RO          189    i.RCC_APB1PeriphClockCmd  stm32f4xx_rcc.o
    0x0800263c   0x00000018   Code   RO          191    i.RCC_APB1PeriphResetCmd  stm32f4xx_rcc.o
    0x08002654   0x00000018   Code   RO          192    i.RCC_APB2PeriphClockCmd  stm32f4xx_rcc.o
    0x0800266c   0x00000018   Code   RO          194    i.RCC_APB2PeriphResetCmd  stm32f4xx_rcc.o
    0x08002684   0x000000a8   Code   RO          201    i.RCC_GetClocksFreq  stm32f4xx_rcc.o
    0x0800272c   0x0000005c   Code   RO           38    i.SPI2_IRQHandler   microphone.o
    0x08002788   0x00000040   Code   RO           75    i.SPI3_IRQHandler   stm32f4_discovery_audio_codec.o
    0x080027c8   0x0000005c   Code   RO          239    i.SPI_I2S_DeInit    stm32f4xx_spi.o
    0x08002824   0x0000000e   Code   RO          240    i.SPI_I2S_GetFlagStatus  stm32f4xx_spi.o
    0x08002832   0x0000002e   Code   RO          241    i.SPI_I2S_GetITStatus  stm32f4xx_spi.o
    0x08002860   0x0000001a   Code   RO          242    i.SPI_I2S_ITConfig  stm32f4xx_spi.o
    0x0800287a   0x00000004   Code   RO          243    i.SPI_I2S_ReceiveData  stm32f4xx_spi.o
    0x0800287e   0x00000004   Code   RO          244    i.SPI_I2S_SendData  stm32f4xx_spi.o
    0x08002882   0x00000002   PAD
    0x08002884   0x0000004c   Code   RO           50    i.STM_EVAL_LEDInit  stm32f4_discovery.o
    0x080028d0   0x00000018   Code   RO           51    i.STM_EVAL_LEDOff   stm32f4_discovery.o
    0x080028e8   0x00000018   Code   RO           52    i.STM_EVAL_LEDOn    stm32f4_discovery.o
    0x08002900   0x0000001c   Code   RO           53    i.STM_EVAL_LEDToggle  stm32f4_discovery.o
    0x0800291c   0x000000a4   Code   RO           55    i.STM_EVAL_PBInit   stm32f4_discovery.o
    0x080029c0   0x00000002   Code   RO           20    i.SVC_Handler       stm32f4xx_it.o
    0x080029c2   0x0000002e   Code   RO           89    i.SYSCFG_EXTILineConfig  stm32f4xx_syscfg.o
    0x080029f0   0x000000e0   Code   RO            5    i.SysTick_Handler   main.o
    0x08002ad0   0x0000012c   Code   RO           25    i.SystemInit        system_stm32f4xx.o
    0x08002bfc   0x00000012   Code   RO          275    i.UB_Fatfs_CloseFile  stm32_ub_fatfs.o
    0x08002c0e   0x00000002   PAD
    0x08002c10   0x00000034   Code   RO          279    i.UB_Fatfs_Mount    stm32_ub_fatfs.o
    0x08002c44   0x00000064   Code   RO          280    i.UB_Fatfs_OpenFile  stm32_ub_fatfs.o
    0x08002ca8   0x00000018   Code   RO          283    i.UB_Fatfs_UnMount  stm32_ub_fatfs.o
    0x08002cc0   0x00000022   Code   RO          285    i.UB_Fatfs_WriteString  stm32_ub_fatfs.o
    0x08002ce2   0x00000002   PAD
    0x08002ce4   0x00000020   Code   RO          288    i.UB_USB_MSC_HOST_Do  stm32_ub_usb_msc_host.o
    0x08002d04   0x0000002c   Code   RO          289    i.UB_USB_MSC_HOST_Init  stm32_ub_usb_msc_host.o
    0x08002d30   0x0000003c   Code   RO          353    i.USBH_Alloc_Channel  usbh_hcs.o
    0x08002d6c   0x00000028   Code   RO          359    i.USBH_BulkReceiveData  usbh_ioreq.o
    0x08002d94   0x0000002a   Code   RO          360    i.USBH_BulkSendData  usbh_ioreq.o
    0x08002dbe   0x0000003c   Code   RO          395    i.USBH_ClrFeature   usbh_stdreq.o
    0x08002dfa   0x00000012   Code   RO          344    i.USBH_Connect      usbh_core.o
    0x08002e0c   0x00000020   Code   RO          361    i.USBH_CtlReceiveData  usbh_ioreq.o
    0x08002e2c   0x00000052   Code   RO          362    i.USBH_CtlReq       usbh_ioreq.o
    0x08002e7e   0x0000003a   Code   RO          363    i.USBH_CtlSendData  usbh_ioreq.o
    0x08002eb8   0x0000002a   Code   RO          364    i.USBH_CtlSendSetup  usbh_ioreq.o
    0x08002ee2   0x00000012   Code   RO          354    i.USBH_DeAllocate_AllChannel  usbh_hcs.o
    0x08002ef4   0x00000012   Code   RO          346    i.USBH_Disconnect   usbh_core.o
    0x08002f06   0x00000018   Code   RO          355    i.USBH_Free_Channel  usbh_hcs.o
    0x08002f1e   0x0000013e   Code   RO          397    i.USBH_Get_CfgDesc  usbh_stdreq.o
    0x0800305c   0x000000b8   Code   RO          398    i.USBH_Get_DevDesc  usbh_stdreq.o
    0x08003114   0x00000082   Code   RO          399    i.USBH_Get_StringDesc  usbh_stdreq.o
    0x08003196   0x00000002   PAD
    0x08003198   0x000001bc   Code   RO          348    i.USBH_HandleControl  usbh_core.o
    0x08003354   0x00000074   Code   RO          349    i.USBH_Init         usbh_core.o
    0x080033c8   0x0000000c   Code   RO          375    i.USBH_MSC_ClassRequest  usbh_msc_core.o
    0x080033d4   0x00000204   Code   RO          377    i.USBH_MSC_Handle   usbh_msc_core.o
    0x080035d8   0x00000298   Code   RO          370    i.USBH_MSC_HandleBOTXfer  usbh_msc_bot.o
    0x08003870   0x00000040   Code   RO          371    i.USBH_MSC_Init     usbh_msc_bot.o
    0x080038b0   0x00000038   Code   RO          378    i.USBH_MSC_InterfaceDeInit  usbh_msc_core.o
    0x080038e8   0x000000a0   Code   RO          379    i.USBH_MSC_InterfaceInit  usbh_msc_core.o
    0x08003988   0x000000b4   Code   RO          385    i.USBH_MSC_ModeSense6  usbh_msc_scsi.o
    0x08003a3c   0x000000e0   Code   RO          386    i.USBH_MSC_Read10   usbh_msc_scsi.o
    0x08003b1c   0x000000bc   Code   RO          387    i.USBH_MSC_ReadCapacity10  usbh_msc_scsi.o
    0x08003bd8   0x000000bc   Code   RO          388    i.USBH_MSC_RequestSense  usbh_msc_scsi.o
    0x08003c94   0x0000009c   Code   RO          389    i.USBH_MSC_TestUnitReady  usbh_msc_scsi.o
    0x08003d30   0x000000a8   Code   RO          390    i.USBH_MSC_Write10  usbh_msc_scsi.o
    0x08003dd8   0x00000034   Code   RO          356    i.USBH_Modify_Channel  usbh_hcs.o
    0x08003e0c   0x00000320   Code   RO          341    i.USBH_OTG_ISR_Handler  usb_hcd_int.o
    0x0800412c   0x00000056   Code   RO          357    i.USBH_Open_Channel  usbh_hcs.o
    0x08004182   0x00000002   PAD
    0x08004184   0x000003f0   Code   RO          350    i.USBH_Process      usbh_core.o
    0x08004574   0x00000018   Code   RO          400    i.USBH_SetAddress   usbh_stdreq.o
    0x0800458c   0x00000018   Code   RO          401    i.USBH_SetCfg       usbh_stdreq.o
    0x080045a4   0x00000002   Code   RO          403    i.USBH_USR_Configuration_DescAvailable  usbh_usr.o
    0x080045a6   0x00000002   PAD
    0x080045a8   0x0000000c   Code   RO          404    i.USBH_USR_DeInit   usbh_usr.o
    0x080045b4   0x00000002   Code   RO          405    i.USBH_USR_DeviceAddressAssigned  usbh_usr.o
    0x080045b6   0x00000002   PAD
    0x080045b8   0x0000000c   Code   RO          406    i.USBH_USR_DeviceAttached  usbh_usr.o
    0x080045c4   0x0000000c   Code   RO          407    i.USBH_USR_DeviceDisconnected  usbh_usr.o
    0x080045d0   0x0000000c   Code   RO          408    i.USBH_USR_DeviceNotSupported  usbh_usr.o
    0x080045dc   0x00000014   Code   RO          409    i.USBH_USR_DeviceSpeedDetected  usbh_usr.o
    0x080045f0   0x00000002   Code   RO          410    i.USBH_USR_Device_DescAvailable  usbh_usr.o
    0x080045f2   0x00000002   Code   RO          411    i.USBH_USR_EnumerationDone  usbh_usr.o
    0x080045f4   0x00000002   Code   RO          412    i.USBH_USR_Init     usbh_usr.o
    0x080045f6   0x00000002   PAD
    0x080045f8   0x00000030   Code   RO          413    i.USBH_USR_MSC_Application  usbh_usr.o
    0x08004628   0x00000002   Code   RO          414    i.USBH_USR_Manufacturer_String  usbh_usr.o
    0x0800462a   0x00000002   PAD
    0x0800462c   0x0000000c   Code   RO          415    i.USBH_USR_OverCurrentDetected  usbh_usr.o
    0x08004638   0x00000002   Code   RO          416    i.USBH_USR_Product_String  usbh_usr.o
    0x0800463a   0x00000002   Code   RO          417    i.USBH_USR_ResetDevice  usbh_usr.o
    0x0800463c   0x00000002   Code   RO          418    i.USBH_USR_SerialNum_String  usbh_usr.o
    0x0800463e   0x00000002   PAD
    0x08004640   0x0000000c   Code   RO          419    i.USBH_USR_UnrecoveredError  usbh_usr.o
    0x0800464c   0x00000004   Code   RO          420    i.USBH_USR_UserInput  usbh_usr.o
    0x08004650   0x00000184   Code   RO            6    i.USB_Beispiel_schreiben  main.o
    0x080047d4   0x00000060   Code   RO          294    i.USB_OTG_BSP_ConfigVBUS  usb_bsp.o
    0x08004834   0x00000018   Code   RO          295    i.USB_OTG_BSP_DriveVBUS  usb_bsp.o
    0x0800484c   0x00000026   Code   RO          296    i.USB_OTG_BSP_EnableInterrupt  usb_bsp.o
    0x08004872   0x00000002   PAD
    0x08004874   0x00000084   Code   RO          297    i.USB_OTG_BSP_Init  usb_bsp.o
    0x080048f8   0x00000030   Code   RO          298    i.USB_OTG_BSP_mDelay  usb_bsp.o
    0x08004928   0x0000002c   Code   RO          299    i.USB_OTG_BSP_uDelay  usb_bsp.o
    0x08004954   0x00000174   Code   RO          302    i.USB_OTG_CoreInit  usb_core.o
    0x08004ac8   0x00000140   Code   RO          303    i.USB_OTG_CoreInitHost  usb_core.o
    0x08004c08   0x00000010   Code   RO          304    i.USB_OTG_DisableGlobalInt  usb_core.o
    0x08004c18   0x00000010   Code   RO          306    i.USB_OTG_EnableGlobalInt  usb_core.o
    0x08004c28   0x0000002c   Code   RO          311    i.USB_OTG_HC_DoPing  usb_core.o
    0x08004c54   0x00000040   Code   RO          312    i.USB_OTG_HC_Halt   usb_core.o
    0x08004c94   0x000000fe   Code   RO          313    i.USB_OTG_HC_Init   usb_core.o
    0x08004d92   0x00000002   PAD
    0x08004d94   0x00000140   Code   RO          314    i.USB_OTG_HC_StartXfer  usb_core.o
    0x08004ed4   0x0000000c   Code   RO          315    i.USB_OTG_InitFSLSPClkSel  usb_core.o
    0x08004ee0   0x0000000e   Code   RO          318    i.USB_OTG_IsHostMode  usb_core.o
    0x08004eee   0x0000000a   Code   RO          319    i.USB_OTG_ReadCoreItr  usb_core.o
    0x08004ef8   0x00000006   Code   RO          321    i.USB_OTG_ReadHostAllChannels_intr  usb_core.o
    0x08004efe   0x00000036   Code   RO          323    i.USB_OTG_ReadPacket  usb_core.o
    0x08004f34   0x0000002e   Code   RO          324    i.USB_OTG_ResetPort  usb_core.o
    0x08004f62   0x00000002   PAD
    0x08004f64   0x00000120   Code   RO          325    i.USB_OTG_SelectCore  usb_core.o
    0x08005084   0x0000002a   Code   RO          326    i.USB_OTG_SetCurrentMode  usb_core.o
    0x080050ae   0x00000438   Code   RO          342    i.USB_OTG_USBH_handle_hc_ISR  usb_hcd_int.o
    0x080054e6   0x00000002   PAD
    0x080054e8   0x00000056   Code   RO          328    i.USB_OTG_WritePacket  usb_core.o
    0x0800553e   0x00000002   PAD
    0x08005540   0x00000024   Code   RO          487    i.USB_disk_initialize  stm32_ub_usbdisk.o
    0x08005564   0x00000030   Code   RO          488    i.USB_disk_ioctl    stm32_ub_usbdisk.o
    0x08005594   0x00000060   Code   RO          489    i.USB_disk_read     stm32_ub_usbdisk.o
    0x080055f4   0x00000024   Code   RO          490    i.USB_disk_status   stm32_ub_usbdisk.o
    0x08005618   0x00000060   Code   RO          491    i.USB_disk_write    stm32_ub_usbdisk.o
    0x08005678   0x00000002   Code   RO           21    i.UsageFault_Handler  stm32f4xx_it.o
    0x0800567a   0x00000002   PAD
    0x0800567c   0x00000044   Code   RO           39    i.WaveRecorderBeginSampling  microphone.o
    0x080056c0   0x00000080   Code   RO           34    i.WaveRecorderCallback  headphone.o
    0x08005740   0x00000134   Code   RO           40    i.WaveRecorderInit  microphone.o
    0x08005874   0x00000028   Code   RO          546    i.__0snprintf$1     mc_w.l(printf1.o)
    0x0800589c   0x0000000e   Code   RO          690    i.__scatterload_copy  mc_w.l(handlers.o)
    0x080058aa   0x00000002   Code   RO          691    i.__scatterload_null  mc_w.l(handlers.o)
    0x080058ac   0x0000000e   Code   RO          692    i.__scatterload_zeroinit  mc_w.l(handlers.o)
    0x080058ba   0x00000002   PAD
    0x080058bc   0x00000154   Code   RO          552    i._printf_core      mc_w.l(printf1.o)
    0x08005a10   0x00000016   Code   RO          553    i._snputc           mc_w.l(printf1.o)
    0x08005a26   0x00000002   PAD
    0x08005a28   0x000002b0   Code   RO          430    i.chk_mounted       ff.o
    0x08005cd8   0x000000a4   Code   RO          432    i.create_chain      ff.o
    0x08005d7c   0x00000178   Code   RO          433    i.dir_next          ff.o
    0x08005ef4   0x00000086   Code   RO          434    i.dir_register      ff.o
    0x08005f7a   0x00000098   Code   RO          435    i.dir_sdi           ff.o
    0x08006012   0x0000002a   Code   RO          424    i.disk_initialize   diskio.o
    0x0800603c   0x0000003c   Code   RO          425    i.disk_ioctl        diskio.o
    0x08006078   0x00000044   Code   RO          426    i.disk_read         diskio.o
    0x080060bc   0x0000002e   Code   RO          427    i.disk_status       diskio.o
    0x080060ea   0x00000044   Code   RO          428    i.disk_write        diskio.o
    0x0800612e   0x00000012   Code   RO          437    i.f_close           ff.o
    0x08006140   0x000000ea   Code   RO          438    i.f_getfree         ff.o
    0x0800622a   0x00000194   Code   RO          440    i.f_lseek           ff.o
    0x080063be   0x00000002   PAD
    0x080063c0   0x00000024   Code   RO          442    i.f_mount           ff.o
    0x080063e4   0x0000015c   Code   RO          443    i.f_open            ff.o
    0x08006540   0x00000030   Code   RO          446    i.f_putc            ff.o
    0x08006570   0x0000004a   Code   RO          447    i.f_puts            ff.o
    0x080065ba   0x000000d0   Code   RO          452    i.f_sync            ff.o
    0x0800668a   0x00000002   PAD
    0x0800668c   0x00000208   Code   RO          456    i.f_write           ff.o
    0x08006894   0x000001ec   Code   RO          457    i.follow_path       ff.o
    0x08006a80   0x000000c0   Code   RO          458    i.get_fat           ff.o
    0x08006b40   0x00000008   Code   RO          429    i.get_fattime       diskio.o
    0x08006b48   0x00000244   Code   RO            8    i.main              main.o
    0x08006d8c   0x00000030   Code   RO          459    i.mem_cpy           ff.o
    0x08006dbc   0x00000028   Code   RO          460    i.mem_set           ff.o
    0x08006de4   0x00000032   Code   RO          461    i.move_window       ff.o
    0x08006e16   0x000000fa   Code   RO          462    i.put_fat           ff.o
    0x08006f10   0x00000066   Code   RO          463    i.remove_chain      ff.o
    0x08006f76   0x000000b2   Code   RO          464    i.sync_fs           ff.o
    0x08007028   0x00000054   Code   RO          465    i.sync_window       ff.o
    0x0800707c   0x00000024   Data   RO           56    .constdata          stm32f4_discovery.o
    0x080070a0   0x00000080   Data   RO          466    .constdata          ff.o
    0x08007120   0x00002000   Data   RO          502    .constdata          arm_cortexM4lf_math.lib(arm_rfft_init_q15.o)
    0x08009120   0x00001000   Data   RO          511    .constdata          arm_cortexM4lf_math.lib(arm_cfft_radix4_init_q15.o)
    0x0800a120   0x00000200   Data   RO          515    .constdata          arm_cortexM4lf_math.lib(arm_common_tables.o)
    0x0800a320   0x00000080   Data   RO          516    .constdata          arm_cortexM4lf_math.lib(arm_common_tables.o)
    0x0800a3a0   0x00000020   Data   RO          688    Region$$Table       anon$$obj.o


    Execution Region RW_IRAM1 (Base: 0x20000000, Size: 0x0000ec90, Max: 0x00020000, ABSOLUTE, COMPRESSED[0x000002a0])

    Base Addr    Size         Type   Attr      Idx    E Section Name        Object

    0x20000000   0x00000010   Data   RW           10    .data               main.o
    0x20000010   0x00000001   Data   RW           22    .data               stm32f4xx_it.o
    0x20000011   0x00000003   PAD
    0x20000014   0x0000000c   Data   RW           36    .data               headphone.o
    0x20000020   0x00000018   Data   RW           43    .data               microphone.o
    0x20000038   0x00000014   Data   RW           57    .data               stm32f4_discovery.o
    0x2000004c   0x00000040   Data   RW           78    .data               stm32f4_discovery_audio_codec.o
    0x2000008c   0x00000010   Data   RW          224    .data               stm32f4xx_rcc.o
    0x2000009c   0x00000001   Data   RW          291    .data               stm32_ub_usb_msc_host.o
    0x2000009d   0x00000003   PAD
    0x200000a0   0x00000010   Data   RW          351    .data               usbh_core.o
    0x200000b0   0x00000010   Data   RW          373    .data               usbh_msc_bot.o
    0x200000c0   0x00000002   Data   RW          381    .data               usbh_msc_core.o
    0x200000c2   0x00000002   PAD
    0x200000c4   0x00000010   Data   RW          382    .data               usbh_msc_core.o
    0x200000d4   0x00000001   Data   RW          393    .data               usbh_msc_scsi.o
    0x200000d5   0x00000003   PAD
    0x200000d8   0x00000048   Data   RW          421    .data               usbh_usr.o
    0x20000120   0x00000001   Data   RW          422    .data               usbh_usr.o
    0x20000121   0x00000003   PAD
    0x20000124   0x00000008   Data   RW          467    .data               ff.o
    0x2000012c   0x00000304   Data   RW          493    .data               libPDMFilter_Keil.lib(pdm_filter.o)
    0x20000430   0x0000bd4c   Zero   RW            9    .bss                main.o
    0x2000c17c   0x00001c00   Zero   RW           35    .bss                headphone.o
    0x2000dd7c   0x000000d4   Zero   RW           42    .bss                microphone.o
    0x2000de50   0x0000003c   Zero   RW           76    .bss                stm32f4_discovery_audio_codec.o
    0x2000de8c   0x00000234   Zero   RW          286    .bss                stm32_ub_fatfs.o
    0x2000e0c0   0x00000534   Zero   RW          290    .bss                stm32_ub_usb_msc_host.o
    0x2000e5f4   0x00000040   Zero   RW          372    .bss                usbh_msc_bot.o
    0x2000e634   0x0000004a   Zero   RW          380    .bss                usbh_msc_core.o
    0x2000e67e   0x00000002   PAD
    0x2000e680   0x00000210   Zero   RW          391    .bss                usbh_msc_scsi.o
    0x2000e890   0x00000400   Zero   RW          269    STACK               startup_stm32f4xx.o


==============================================================================

Image component sizes


      Code (inc. data)   RO Data    RW Data    ZI Data      Debug   Object Name

       292          4          0          0          0          0   diskio.o
      4840         46        128          8          0          0   ff.o
       180         24          0         12       7168          0   headphone.o
      1336        180          0         16      48460          0   main.o
       468         62          0         24        212          0   microphone.o
       132         12          0          0          0          0   misc.o
        36          8        392          0       1024          0   startup_stm32f4xx.o
        30          0          0          0          0          0   stm32_ub_atadrive.o
       228         10          0          0        564          0   stm32_ub_fatfs.o
        30          0          0          0          0          0   stm32_ub_sdcard.o
        76         24          0          1       1332          0   stm32_ub_usb_msc_host.o
       312         50          0          0          0          0   stm32_ub_usbdisk.o
       316         60         36         20          0          0   stm32f4_discovery.o
       340         36          0         64         60          0   stm32f4_discovery_audio_codec.o
        22          0          0          0          0          0   stm32f4xx_dac.o
       250         36          0          0          0          0   stm32f4xx_dma.o
       188         24          0          0          0          0   stm32f4xx_exti.o
       186          0          0          0          0          0   stm32f4xx_gpio.o
        46          0          0          1          0          0   stm32f4xx_it.o
       312         54          0         16          0          0   stm32f4xx_rcc.o
       448         20          0          0          0          0   stm32f4xx_spi.o
        46          0          0          0          0          0   stm32f4xx_syscfg.o
       300         46          0          0          0          0   system_stm32f4xx.o
       394         38          0          0          0          0   usb_bsp.o
      1964         18          0          0          0          0   usb_core.o
       160          0          0          0          0          0   usb_hcd.o
      1880          4          0          0          0          0   usb_hcd_int.o
      1604         50          0         16          0          0   usbh_core.o
       240          0          0          0          0          0   usbh_hcs.o
       296          0          0          0          0          0   usbh_ioreq.o
       728         62          0         16         64          0   usbh_msc_bot.o
       744         36          0         18         74          0   usbh_msc_core.o
      1104         88          0          1        528          0   usbh_msc_scsi.o
       740          0          0          0          0          0   usbh_stdreq.o
       162         42          0         73          0          0   usbh_usr.o

    ----------------------------------------------------------------------
     20478       1034        588        300      59488          0   Object Totals
         0          0         32          0          0          0   (incl. Generated)
        48          0          0         14          2          0   (incl. Padding)

    ----------------------------------------------------------------------

      Code (inc. data)   RO Data    RW Data    ZI Data      Debug   Library Member Name

       112         22       4096          0          0          0   arm_cfft_radix4_init_q15.o
      1522          0          0          0          0          0   arm_cfft_radix4_q15.o
       260          0          0          0          0          0   arm_cmplx_mag_q15.o
         0          0        640          0          0          0   arm_common_tables.o
       116          6       8192          0          0          0   arm_rfft_init_q15.o
       652          0          0          0          0          0   arm_rfft_q15.o
       368          4          0          0          0          0   arm_sqrt_q15.o
      3068         54          0        772          0          0   pdm_filter.o
        86          0          0          0          0          0   __dczerorl2.o
         0          0          0          0          0          0   entry.o
         0          0          0          0          0          0   entry10a.o
         0          0          0          0          0          0   entry11a.o
         8          4          0          0          0          0   entry2.o
         4          0          0          0          0          0   entry5.o
         0          0          0          0          0          0   entry7b.o
         0          0          0          0          0          0   entry8b.o
         8          4          0          0          0          0   entry9a.o
        30          0          0          0          0          0   handlers.o
        36          8          0          0          0          0   init.o
         0          0          0          0          0          0   iusefp.o
        30          0          0          0          0          0   llshl.o
        36          0          0          0          0          0   llsshr.o
        32          0          0          0          0          0   llushr.o
       402          8          0          0          0          0   printf1.o
        44          0          0          0          0          0   uidiv.o
       334          0          0          0          0          0   dadd.o
       222          0          0          0          0          0   ddiv.o
       186          0          0          0          0          0   depilogue.o
        50          0          0          0          0          0   dfixui.o
        26          0          0          0          0          0   dfltui.o
       228          0          0          0          0          0   dmul.o
        38          0          0          0          0          0   f2d.o
        24          0          0          0          0          0   fscalb.o

    ----------------------------------------------------------------------
      7926        110      12928        772          0          0   Library Totals
         4          0          0          0          0          0   (incl. Padding)

    ----------------------------------------------------------------------

      Code (inc. data)   RO Data    RW Data    ZI Data      Debug   Library Name

      3030         32      12928          0          0          0   arm_cortexM4lf_math.lib
      3068         54          0        772          0          0   libPDMFilter_Keil.lib
       716         24          0          0          0          0   mc_w.l
      1108          0          0          0          0          0   mf_w.l

    ----------------------------------------------------------------------
      7926        110      12928        772          0          0   Library Totals

    ----------------------------------------------------------------------

==============================================================================


      Code (inc. data)   RO Data    RW Data    ZI Data      Debug   

     28404       1144      13516       1072      59488          0   Grand Totals
     28404       1144      13516        672      59488          0   ELF Image Totals (compressed)
     28404       1144      13516        672          0          0   ROM Totals

==============================================================================

    Total RO  Size (Code + RO Data)                41920 (  40.94kB)
    Total RW  Size (RW Data + ZI Data)             60560 (  59.14kB)
    Total ROM Size (Code + RO Data + RW Data)      42592 (  41.59kB)

==============================================================================

